Archive member included to satisfy reference by file (symbol)

c:/st/stm32cubeide_1.5.1/stm32cubeide/plugins/com.st.stm32cube.ide.mcu.externaltools.gnu-tools-for-stm32.7-2018-q2-update.win32_1.5.0.202011040924/tools/bin/../lib/gcc/arm-none-eabi/7.3.1/../../../../arm-none-eabi/lib/thumb/v7e-m/fpv4-sp/hard\libc_nano.a(lib_a-atoi.o)
                              Core/Src/main.o (atoi)
c:/st/stm32cubeide_1.5.1/stm32cubeide/plugins/com.st.stm32cube.ide.mcu.externaltools.gnu-tools-for-stm32.7-2018-q2-update.win32_1.5.0.202011040924/tools/bin/../lib/gcc/arm-none-eabi/7.3.1/../../../../arm-none-eabi/lib/thumb/v7e-m/fpv4-sp/hard\libc_nano.a(lib_a-errno.o)
                              Core/Src/syscalls.o (__errno)
c:/st/stm32cubeide_1.5.1/stm32cubeide/plugins/com.st.stm32cube.ide.mcu.externaltools.gnu-tools-for-stm32.7-2018-q2-update.win32_1.5.0.202011040924/tools/bin/../lib/gcc/arm-none-eabi/7.3.1/../../../../arm-none-eabi/lib/thumb/v7e-m/fpv4-sp/hard\libc_nano.a(lib_a-exit.o)
                              c:/st/stm32cubeide_1.5.1/stm32cubeide/plugins/com.st.stm32cube.ide.mcu.externaltools.gnu-tools-for-stm32.7-2018-q2-update.win32_1.5.0.202011040924/tools/bin/../lib/gcc/arm-none-eabi/7.3.1/../../../../arm-none-eabi/lib/thumb/v7e-m/fpv4-sp/hard/crt0.o (exit)
c:/st/stm32cubeide_1.5.1/stm32cubeide/plugins/com.st.stm32cube.ide.mcu.externaltools.gnu-tools-for-stm32.7-2018-q2-update.win32_1.5.0.202011040924/tools/bin/../lib/gcc/arm-none-eabi/7.3.1/../../../../arm-none-eabi/lib/thumb/v7e-m/fpv4-sp/hard\libc_nano.a(lib_a-impure.o)
                              c:/st/stm32cubeide_1.5.1/stm32cubeide/plugins/com.st.stm32cube.ide.mcu.externaltools.gnu-tools-for-stm32.7-2018-q2-update.win32_1.5.0.202011040924/tools/bin/../lib/gcc/arm-none-eabi/7.3.1/../../../../arm-none-eabi/lib/thumb/v7e-m/fpv4-sp/hard\libc_nano.a(lib_a-exit.o) (_global_impure_ptr)
c:/st/stm32cubeide_1.5.1/stm32cubeide/plugins/com.st.stm32cube.ide.mcu.externaltools.gnu-tools-for-stm32.7-2018-q2-update.win32_1.5.0.202011040924/tools/bin/../lib/gcc/arm-none-eabi/7.3.1/../../../../arm-none-eabi/lib/thumb/v7e-m/fpv4-sp/hard\libc_nano.a(lib_a-init.o)
                              c:/st/stm32cubeide_1.5.1/stm32cubeide/plugins/com.st.stm32cube.ide.mcu.externaltools.gnu-tools-for-stm32.7-2018-q2-update.win32_1.5.0.202011040924/tools/bin/../lib/gcc/arm-none-eabi/7.3.1/../../../../arm-none-eabi/lib/thumb/v7e-m/fpv4-sp/hard/crt0.o (__libc_init_array)
c:/st/stm32cubeide_1.5.1/stm32cubeide/plugins/com.st.stm32cube.ide.mcu.externaltools.gnu-tools-for-stm32.7-2018-q2-update.win32_1.5.0.202011040924/tools/bin/../lib/gcc/arm-none-eabi/7.3.1/../../../../arm-none-eabi/lib/thumb/v7e-m/fpv4-sp/hard\libc_nano.a(lib_a-memset.o)
                              c:/st/stm32cubeide_1.5.1/stm32cubeide/plugins/com.st.stm32cube.ide.mcu.externaltools.gnu-tools-for-stm32.7-2018-q2-update.win32_1.5.0.202011040924/tools/bin/../lib/gcc/arm-none-eabi/7.3.1/../../../../arm-none-eabi/lib/thumb/v7e-m/fpv4-sp/hard/crt0.o (memset)
c:/st/stm32cubeide_1.5.1/stm32cubeide/plugins/com.st.stm32cube.ide.mcu.externaltools.gnu-tools-for-stm32.7-2018-q2-update.win32_1.5.0.202011040924/tools/bin/../lib/gcc/arm-none-eabi/7.3.1/../../../../arm-none-eabi/lib/thumb/v7e-m/fpv4-sp/hard\libc_nano.a(lib_a-sprintf.o)
                              Core/Src/main.o (sprintf)
c:/st/stm32cubeide_1.5.1/stm32cubeide/plugins/com.st.stm32cube.ide.mcu.externaltools.gnu-tools-for-stm32.7-2018-q2-update.win32_1.5.0.202011040924/tools/bin/../lib/gcc/arm-none-eabi/7.3.1/../../../../arm-none-eabi/lib/thumb/v7e-m/fpv4-sp/hard\libc_nano.a(lib_a-strcat.o)
                              Core/Src/mylibrary.o (strcat)
c:/st/stm32cubeide_1.5.1/stm32cubeide/plugins/com.st.stm32cube.ide.mcu.externaltools.gnu-tools-for-stm32.7-2018-q2-update.win32_1.5.0.202011040924/tools/bin/../lib/gcc/arm-none-eabi/7.3.1/../../../../arm-none-eabi/lib/thumb/v7e-m/fpv4-sp/hard\libc_nano.a(lib_a-strcmp.o)
                              Core/Src/main.o (strcmp)
c:/st/stm32cubeide_1.5.1/stm32cubeide/plugins/com.st.stm32cube.ide.mcu.externaltools.gnu-tools-for-stm32.7-2018-q2-update.win32_1.5.0.202011040924/tools/bin/../lib/gcc/arm-none-eabi/7.3.1/../../../../arm-none-eabi/lib/thumb/v7e-m/fpv4-sp/hard\libc_nano.a(lib_a-strlen.o)
                              Core/Src/mylibrary.o (strlen)
c:/st/stm32cubeide_1.5.1/stm32cubeide/plugins/com.st.stm32cube.ide.mcu.externaltools.gnu-tools-for-stm32.7-2018-q2-update.win32_1.5.0.202011040924/tools/bin/../lib/gcc/arm-none-eabi/7.3.1/../../../../arm-none-eabi/lib/thumb/v7e-m/fpv4-sp/hard\libc_nano.a(lib_a-strncpy.o)
                              Core/Src/main.o (strncpy)
c:/st/stm32cubeide_1.5.1/stm32cubeide/plugins/com.st.stm32cube.ide.mcu.externaltools.gnu-tools-for-stm32.7-2018-q2-update.win32_1.5.0.202011040924/tools/bin/../lib/gcc/arm-none-eabi/7.3.1/../../../../arm-none-eabi/lib/thumb/v7e-m/fpv4-sp/hard\libc_nano.a(lib_a-strstr.o)
                              Core/Src/mylibrary.o (strstr)
[...]
Memory Configuration

Name             Origin             Length             Attributes
CCMRAM           0x0000000010000000 0x0000000000010000 xrw
RAM              0x0000000020000000 0x0000000000030000 xrw
FLASH            0x0000000008000000 0x0000000000200000 xr
*default*        0x0000000000000000 0xffffffffffffffff

Linker script and memory map

LOAD c:/st/stm32cubeide_1.5.1/stm32cubeide/plugins/com.st.stm32cube.ide.mcu.externaltools.gnu-tools-for-stm32.7-2018-q2-update.win32_1.5.0.202011040924/tools/bin/../lib/gcc/arm-none-eabi/7.3.1/thumb/v7e-m/fpv4-sp/hard/crti.o
LOAD c:/st/stm32cubeide_1.5.1/stm32cubeide/plugins/com.st.stm32cube.ide.mcu.externaltools.gnu-tools-for-stm32.7-2018-q2-update.win32_1.5.0.202011040924/tools/bin/../lib/gcc/arm-none-eabi/7.3.1/thumb/v7e-m/fpv4-sp/hard/crtbegin.o
LOAD c:/st/stm32cubeide_1.5.1/stm32cubeide/plugins/com.st.stm32cube.ide.mcu.externaltools.gnu-tools-for-stm32.7-2018-q2-update.win32_1.5.0.202011040924/tools/bin/../lib/gcc/arm-none-eabi/7.3.1/../../../../arm-none-eabi/lib/thumb/v7e-m/fpv4-sp/hard/crt0.o
LOAD Core/Src/gpio.o
LOAD Core/Src/graphic.o
LOAD Core/Src/lcd.o
LOAD Core/Src/ltdc.o
LOAD Core/Src/main.o
LOAD Core/Src/mylibrary.o
LOAD Core/Src/screens.o
LOAD Core/Src/spi.o
LOAD Core/Src/stm32f4xx_hal_msp.o
LOAD Core/Src/stm32f4xx_it.o
LOAD Core/Src/syscalls.o
LOAD Core/Src/sysmem.o
LOAD Core/Src/system_stm32f4xx.o
LOAD Core/Startup/startup_stm32f429zitx.o
LOAD Drivers/STM32F4xx_HAL_Driver/Src/stm32f4xx_hal.o
LOAD Drivers/STM32F4xx_HAL_Driver/Src/stm32f4xx_hal_cortex.o
LOAD Drivers/STM32F4xx_HAL_Driver/Src/stm32f4xx_hal_dma.o
LOAD Drivers/STM32F4xx_HAL_Driver/Src/stm32f4xx_hal_dma_ex.o
LOAD Drivers/STM32F4xx_HAL_Driver/Src/stm32f4xx_hal_dsi.o
LOAD Drivers/STM32F4xx_HAL_Driver/Src/stm32f4xx_hal_exti.o
LOAD Drivers/STM32F4xx_HAL_Driver/Src/stm32f4xx_hal_flash.o
LOAD Drivers/STM32F4xx_HAL_Driver/Src/stm32f4xx_hal_flash_ex.o
LOAD Drivers/STM32F4xx_HAL_Driver/Src/stm32f4xx_hal_flash_ramfunc.o
LOAD Drivers/STM32F4xx_HAL_Driver/Src/stm32f4xx_hal_gpio.o
LOAD Drivers/STM32F4xx_HAL_Driver/Src/stm32f4xx_hal_ltdc.o
LOAD Drivers/STM32F4xx_HAL_Driver/Src/stm32f4xx_hal_ltdc_ex.o
LOAD Drivers/STM32F4xx_HAL_Driver/Src/stm32f4xx_hal_pwr.o
LOAD Drivers/STM32F4xx_HAL_Driver/Src/stm32f4xx_hal_pwr_ex.o
LOAD Drivers/STM32F4xx_HAL_Driver/Src/stm32f4xx_hal_rcc.o
LOAD Drivers/STM32F4xx_HAL_Driver/Src/stm32f4xx_hal_rcc_ex.o
LOAD Drivers/STM32F4xx_HAL_Driver/Src/stm32f4xx_hal_rtc.o
LOAD Drivers/STM32F4xx_HAL_Driver/Src/stm32f4xx_hal_rtc_ex.o
LOAD Drivers/STM32F4xx_HAL_Driver/Src/stm32f4xx_hal_spi.o
LOAD Drivers/STM32F4xx_HAL_Driver/Src/stm32f4xx_hal_tim.o
LOAD Drivers/STM32F4xx_HAL_Driver/Src/stm32f4xx_hal_tim_ex.o
LOAD Drivers/STM32F4xx_HAL_Driver/Src/stm32f4xx_hal_uart.o
START GROUP
LOAD c:/st/stm32cubeide_1.5.1/stm32cubeide/plugins/com.st.stm32cube.ide.mcu.externaltools.gnu-tools-for-stm32.7-2018-q2-update.win32_1.5.0.202011040924/tools/bin/../lib/gcc/arm-none-eabi/7.3.1/../../../../arm-none-eabi/lib/thumb/v7e-m/fpv4-sp/hard\libc_nano.a
LOAD c:/st/stm32cubeide_1.5.1/stm32cubeide/plugins/com.st.stm32cube.ide.mcu.externaltools.gnu-tools-for-stm32.7-2018-q2-update.win32_1.5.0.202011040924/tools/bin/../lib/gcc/arm-none-eabi/7.3.1/../../../../arm-none-eabi/lib/thumb/v7e-m/fpv4-sp/hard\libm.a
END GROUP
START GROUP
LOAD c:/st/stm32cubeide_1.5.1/stm32cubeide/plugins/com.st.stm32cube.ide.mcu.externaltools.gnu-tools-for-stm32.7-2018-q2-update.win32_1.5.0.202011040924/tools/bin/../lib/gcc/arm-none-eabi/7.3.1/thumb/v7e-m/fpv4-sp/hard\libgcc.a
LOAD c:/st/stm32cubeide_1.5.1/stm32cubeide/plugins/com.st.stm32cube.ide.mcu.externaltools.gnu-tools-for-stm32.7-2018-q2-update.win32_1.5.0.202011040924/tools/bin/../lib/gcc/arm-none-eabi/7.3.1/../../../../arm-none-eabi/lib/thumb/v7e-m/fpv4-sp/hard\libc_nano.a
END GROUP
START GROUP
LOAD c:/st/stm32cubeide_1.5.1/stm32cubeide/plugins/com.st.stm32cube.ide.mcu.externaltools.gnu-tools-for-stm32.7-2018-q2-update.win32_1.5.0.202011040924/tools/bin/../lib/gcc/arm-none-eabi/7.3.1/thumb/v7e-m/fpv4-sp/hard\libgcc.a
LOAD c:/st/stm32cubeide_1.5.1/stm32cubeide/plugins/com.st.stm32cube.ide.mcu.externaltools.gnu-tools-for-stm32.7-2018-q2-update.win32_1.5.0.202011040924/tools/bin/../lib/gcc/arm-none-eabi/7.3.1/../../../../arm-none-eabi/lib/thumb/v7e-m/fpv4-sp/hard\libc_nano.a
LOAD c:/st/stm32cubeide_1.5.1/stm32cubeide/plugins/com.st.stm32cube.ide.mcu.externaltools.gnu-tools-for-stm32.7-2018-q2-update.win32_1.5.0.202011040924/tools/bin/../lib/gcc/arm-none-eabi/7.3.1/../../../../arm-none-eabi/lib/thumb/v7e-m/fpv4-sp/hard\libnosys.a
END GROUP
START GROUP
LOAD c:/st/stm32cubeide_1.5.1/stm32cubeide/plugins/com.st.stm32cube.ide.mcu.externaltools.gnu-tools-for-stm32.7-2018-q2-update.win32_1.5.0.202011040924/tools/bin/../lib/gcc/arm-none-eabi/7.3.1/thumb/v7e-m/fpv4-sp/hard\libgcc.a
LOAD c:/st/stm32cubeide_1.5.1/stm32cubeide/plugins/com.st.stm32cube.ide.mcu.externaltools.gnu-tools-for-stm32.7-2018-q2-update.win32_1.5.0.202011040924/tools/bin/../lib/gcc/arm-none-eabi/7.3.1/../../../../arm-none-eabi/lib/thumb/v7e-m/fpv4-sp/hard\libc_nano.a
LOAD c:/st/stm32cubeide_1.5.1/stm32cubeide/plugins/com.st.stm32cube.ide.mcu.externaltools.gnu-tools-for-stm32.7-2018-q2-update.win32_1.5.0.202011040924/tools/bin/../lib/gcc/arm-none-eabi/7.3.1/../../../../arm-none-eabi/lib/thumb/v7e-m/fpv4-sp/hard\libnosys.a
END GROUP
LOAD c:/st/stm32cubeide_1.5.1/stm32cubeide/plugins/com.st.stm32cube.ide.mcu.externaltools.gnu-tools-for-stm32.7-2018-q2-update.win32_1.5.0.202011040924/tools/bin/../lib/gcc/arm-none-eabi/7.3.1/thumb/v7e-m/fpv4-sp/hard/crtend.o
LOAD c:/st/stm32cubeide_1.5.1/stm32cubeide/plugins/com.st.stm32cube.ide.mcu.externaltools.gnu-tools-for-stm32.7-2018-q2-update.win32_1.5.0.202011040924/tools/bin/../lib/gcc/arm-none-eabi/7.3.1/thumb/v7e-m/fpv4-sp/hard/crtn.o
                0x0000000020030000                _estack = (ORIGIN (RAM) + LENGTH (RAM))
                0x0000000000000200                _Min_Heap_Size = 0x200
                0x0000000000000400                _Min_Stack_Size = 0x400

.isr_vector     0x0000000008000000      0x1ac
                0x0000000008000000                . = ALIGN (0x4)
 *(.isr_vector)
 .isr_vector    0x0000000008000000      0x1ac Core/Startup/startup_stm32f429zitx.o
                0x0000000008000000                g_pfnVectors
                0x00000000080001ac                . = ALIGN (0x4)

.text           0x00000000080001ac     0x6c64
                0x00000000080001ac                . = ALIGN (0x4)
 *(.text)
 .text          0x00000000080001ac       0x40 c:/st/stm32cubeide_1.5.1/stm32cubeide/plugins/com.st.stm32cube.ide.mcu.externaltools.gnu-tools-for-stm32.7-2018-q2-update.win32_1.5.0.202011040924/tools/bin/../lib/gcc/arm-none-eabi/7.3.1/thumb/v7e-m/fpv4-sp/hard/crtbegin.o
 .text          0x00000000080001ec       0x10 c:/st/stm32cubeide_1.5.1/stm32cubeide/plugins/com.st.stm32cube.ide.mcu.externaltools.gnu-tools-for-stm32.7-2018-q2-update.win32_1.5.0.202011040924/tools/bin/../lib/gcc/arm-none-eabi/7.3.1/../../../../arm-none-eabi/lib/thumb/v7e-m/fpv4-sp/hard\libc_nano.a(lib_a-strlen.o)
                0x00000000080001ec                strlen
 .text          0x00000000080001fc       0x30 c:/st/stm32cubeide_1.5.1/stm32cubeide/plugins/com.st.stm32cube.ide.mcu.externaltools.gnu-tools-for-stm32.7-2018-q2-update.win32_1.5.0.202011040924/tools/bin/../lib/gcc/arm-none-eabi/7.3.1/thumb/v7e-m/fpv4-sp/hard\libgcc.a(_aeabi_uldivmod.o)
                0x00000000080001fc                __aeabi_uldivmod
 .text          0x000000000800022c      0x2cc c:/st/stm32cubeide_1.5.1/stm32cubeide/plugins/com.st.stm32cube.ide.mcu.externaltools.gnu-tools-for-stm32.7-2018-q2-update.win32_1.5.0.202011040924/tools/bin/../lib/gcc/arm-none-eabi/7.3.1/thumb/v7e-m/fpv4-sp/hard\libgcc.a(_udivmoddi4.o)
                0x000000000800022c                __udivmoddi4
 .text          0x00000000080004f8        0x4 c:/st/stm32cubeide_1.5.1/stm32cubeide/plugins/com.st.stm32cube.ide.mcu.externaltools.gnu-tools-for-stm32.7-2018-q2-update.win32_1.5.0.202011040924/tools/bin/../lib/gcc/arm-none-eabi/7.3.1/thumb/v7e-m/fpv4-sp/hard\libgcc.a(_dvmd_tls.o)
                0x00000000080004f8                __aeabi_idiv0
                0x00000000080004f8                __aeabi_ldiv0
 *(.text*)
 .text.LCD_DrawABig
                0x00000000080004fc       0x90 Core/Src/graphic.o
                0x00000000080004fc                LCD_DrawABig
 .text.LCD_DrawBBig
                0x000000000800058c       0xc8 Core/Src/graphic.o
                0x000000000800058c                LCD_DrawBBig
 .text.LCD_DrawCBig
                0x0000000008000654       0x84 Core/Src/graphic.o
                0x0000000008000654                LCD_DrawCBig
 .text.LCD_DrawDBig
                0x00000000080006d8       0xa4 Core/Src/graphic.o
                0x00000000080006d8                LCD_DrawDBig
 .text.LCD_DrawEBig
                0x000000000800077c       0x9c Core/Src/graphic.o
                0x000000000800077c                LCD_DrawEBig
 .text.LCD_DrawFBig
                0x0000000008000818       0x90 Core/Src/graphic.o
                0x0000000008000818                LCD_DrawFBig
 .text.LCD_DrawGBig
                0x00000000080008a8       0xa4 Core/Src/graphic.o
                0x00000000080008a8                LCD_DrawGBig
 .text.LCD_DrawHBig
                0x000000000800094c       0x98 Core/Src/graphic.o
                0x000000000800094c                LCD_DrawHBig
 .text.LCD_DrawIBig
                0x00000000080009e4       0x8c Core/Src/graphic.o
                0x00000000080009e4                LCD_DrawIBig
 .text.LCD_DrawJBig
                0x0000000008000a70       0x90 Core/Src/graphic.o
                0x0000000008000a70                LCD_DrawJBig
 .text.LCD_DrawKBig
                0x0000000008000b00       0xd8 Core/Src/graphic.o
                0x0000000008000b00                LCD_DrawKBig
 .text.LCD_DrawLBig
                0x0000000008000bd8       0x80 Core/Src/graphic.o
                0x0000000008000bd8                LCD_DrawLBig
 .text.LCD_DrawMBig
                0x0000000008000c58       0xc8 Core/Src/graphic.o
                0x0000000008000c58                LCD_DrawMBig
 .text.LCD_DrawNBig
                0x0000000008000d20       0xc8 Core/Src/graphic.o
                0x0000000008000d20                LCD_DrawNBig
 .text.LCD_DrawOBig
                0x0000000008000de8       0x8c Core/Src/graphic.o
                0x0000000008000de8                LCD_DrawOBig
 .text.LCD_DrawPBig
                0x0000000008000e74       0xa8 Core/Src/graphic.o
                0x0000000008000e74                LCD_DrawPBig
 .text.LCD_DrawQBig
                0x0000000008000f1c       0xa4 Core/Src/graphic.o
                0x0000000008000f1c                LCD_DrawQBig
 .text.LCD_DrawRBig
                0x0000000008000fc0       0xcc Core/Src/graphic.o
                0x0000000008000fc0                LCD_DrawRBig
 .text.LCD_DrawSBig
                0x000000000800108c       0xb0 Core/Src/graphic.o
                0x000000000800108c                LCD_DrawSBig
 .text.LCD_DrawTBig
                0x000000000800113c       0x84 Core/Src/graphic.o
                0x000000000800113c                LCD_DrawTBig
 .text.LCD_DrawUBig
                0x00000000080011c0       0x84 Core/Src/graphic.o
                0x00000000080011c0                LCD_DrawUBig
 .text.LCD_DrawVBig
                0x0000000008001244       0xfc Core/Src/graphic.o
                0x0000000008001244                LCD_DrawVBig
 .text.LCD_DrawWBig
                0x0000000008001340      0x134 Core/Src/graphic.o
                0x0000000008001340                LCD_DrawWBig
 .text.LCD_DrawXBig
                0x0000000008001474       0xbc Core/Src/graphic.o
                0x0000000008001474                LCD_DrawXBig
 .text.LCD_DrawYBig
                0x0000000008001530       0xcc Core/Src/graphic.o
                0x0000000008001530                LCD_DrawYBig
 .text.LCD_DrawZBig
                0x00000000080015fc       0xb0 Core/Src/graphic.o
                0x00000000080015fc                LCD_DrawZBig
 .text.LCD_Draw0Big
                0x00000000080016ac       0x8c Core/Src/graphic.o
                0x00000000080016ac                LCD_Draw0Big
 .text.LCD_Draw1Big
                0x0000000008001738       0x80 Core/Src/graphic.o
                0x0000000008001738                LCD_Draw1Big
 .text.LCD_Draw2Big
                0x00000000080017b8       0xa4 Core/Src/graphic.o
                0x00000000080017b8                LCD_Draw2Big
 .text.LCD_Draw3Big
                0x000000000800185c       0x90 Core/Src/graphic.o
                0x000000000800185c                LCD_Draw3Big
 .text.LCD_Draw4Big
                0x00000000080018ec       0x98 Core/Src/graphic.o
                0x00000000080018ec                LCD_Draw4Big
 .text.LCD_Draw5Big
                0x0000000008001984       0xa4 Core/Src/graphic.o
                0x0000000008001984                LCD_Draw5Big
 .text.LCD_Draw6Big
                0x0000000008001a28       0x9c Core/Src/graphic.o
                0x0000000008001a28                LCD_Draw6Big
 .text.LCD_Draw7Big
                0x0000000008001ac4       0xb4 Core/Src/graphic.o
                0x0000000008001ac4                LCD_Draw7Big
 .text.LCD_Draw8Big
                0x0000000008001b78       0x98 Core/Src/graphic.o
                0x0000000008001b78                LCD_Draw8Big
 .text.LCD_Draw9Big
                0x0000000008001c10       0x9c Core/Src/graphic.o
                0x0000000008001c10                LCD_Draw9Big
 .text.LCD_GpioInit
                0x0000000008001cac       0x9c Core/Src/lcd.o
                0x0000000008001cac                LCD_GpioInit
 .text.LCD_LtdcInit
                0x0000000008001d48       0x44 Core/Src/lcd.o
                0x0000000008001d48                LCD_LtdcInit
 .text.LCD_DispInit_Spi
                0x0000000008001d8c      0x208 Core/Src/lcd.o
                0x0000000008001d8c                LCD_DispInit_Spi
 .text.LCD_DispInit_Ltdc
                0x0000000008001f94      0x290 Core/Src/lcd.o
                0x0000000008001f94                LCD_DispInit_Ltdc
 .text.LCD_WriteCommand
                0x0000000008002224       0x5c Core/Src/lcd.o
                0x0000000008002224                LCD_WriteCommand
 .text.LCD_WriteData
                0x0000000008002280       0x5c Core/Src/lcd.o
                0x0000000008002280                LCD_WriteData
 .text.LCD_WriteGRAM
                0x00000000080022dc       0x30 Core/Src/lcd.o
                0x00000000080022dc                LCD_WriteGRAM
 .text.LCD_ClearScreenLtdc
                0x000000000800230c       0x24 Core/Src/lcd.o
                0x000000000800230c                LCD_ClearScreenLtdc
 .text.MX_LTDC_Init
                0x0000000008002330      0x100 Core/Src/ltdc.o
                0x0000000008002330                MX_LTDC_Init
 .text.HAL_LTDC_MspInit
                0x0000000008002430      0x214 Core/Src/ltdc.o
                0x0000000008002430                HAL_LTDC_MspInit
 .text.main     0x0000000008002644       0x84 Core/Src/main.o
                0x0000000008002644                main
 .text.SystemClock_Config
                0x00000000080026c8      0x110 Core/Src/main.o
                0x00000000080026c8                SystemClock_Config
 .text.MX_RTC_Init
                0x00000000080027d8       0x4c Core/Src/main.o
 .text.MX_TIM6_Init
                0x0000000008002824       0x6c Core/Src/main.o
 .text.MX_USART1_UART_Init
                0x0000000008002890       0x54 Core/Src/main.o
 .text.MX_GPIO_Init
                0x00000000080028e4       0xbc Core/Src/main.o
 .text.Error_Handler
                0x00000000080029a0        0xe Core/Src/main.o
                0x00000000080029a0                Error_Handler
 *fill*         0x00000000080029ae        0x2 
 .text.initializeGPIONVIC
                0x00000000080029b0       0xe8 Core/Src/main.o
                0x00000000080029b0                initializeGPIONVIC
 .text.EXTI0_IRQHandler
                0x0000000008002a98       0x60 Core/Src/main.o
                0x0000000008002a98                EXTI0_IRQHandler
 .text.EXTI1_IRQHandler
                0x0000000008002af8       0x12 Core/Src/main.o
                0x0000000008002af8                EXTI1_IRQHandler
 .text.EXTI2_IRQHandler
                0x0000000008002b0a       0x12 Core/Src/main.o
                0x0000000008002b0a                EXTI2_IRQHandler
 .text.EXTI3_IRQHandler
                0x0000000008002b1c       0x12 Core/Src/main.o
                0x0000000008002b1c                EXTI3_IRQHandler
 .text.EXTI4_IRQHandler
                0x0000000008002b2e       0x12 Core/Src/main.o
                0x0000000008002b2e                EXTI4_IRQHandler
 .text.Process_string
                0x0000000008002b40       0xf8 Core/Src/mylibrary.o
                0x0000000008002b40                Process_string
 .text.Individual_med
                0x0000000008002c38       0x9a Core/Src/mylibrary.o
                0x0000000008002c38                Individual_med
 *fill*         0x0000000008002cd2        0x2 
 .text.Manage_strings
                0x0000000008002cd4      0x1c8 Core/Src/mylibrary.o
                0x0000000008002cd4                Manage_strings
 .text.letterselect
                0x0000000008002e9c      0x36e Core/Src/screens.o
                0x0000000008002e9c                letterselect
 *fill*         0x000000000800320a        0x2 
 .text.type     0x000000000800320c       0x64 Core/Src/screens.o
                0x000000000800320c                type
 .text.InitialScreen
                0x0000000008003270       0x3c Core/Src/screens.o
                0x0000000008003270                InitialScreen
 .text.MenuScreen
                0x00000000080032ac       0x2c Core/Src/screens.o
                0x00000000080032ac                MenuScreen
 .text.BluetoothScreen
                0x00000000080032d8       0x3c Core/Src/screens.o
                0x00000000080032d8                BluetoothScreen
 .text.ScheduleScreen
                0x0000000008003314       0x2c Core/Src/screens.o
                0x0000000008003314                ScheduleScreen
 .text.DispensedScreen
                0x0000000008003340       0x2c Core/Src/screens.o
                0x0000000008003340                DispensedScreen
 .text.MX_SPI5_Init
                0x000000000800336c       0x70 Core/Src/spi.o
                0x000000000800336c                MX_SPI5_Init
 .text.HAL_SPI_MspInit
                0x00000000080033dc       0x90 Core/Src/spi.o
                0x00000000080033dc                HAL_SPI_MspInit
 .text.HAL_MspInit
                0x000000000800346c       0x50 Core/Src/stm32f4xx_hal_msp.o
                0x000000000800346c                HAL_MspInit
 .text.USART1_IRQHandler
                0x00000000080034bc       0x3c Core/Src/stm32f4xx_it.o
                0x00000000080034bc                USART1_IRQHandler
 .text.RTC_Alarm_IRQHandler
                0x00000000080034f8       0x14 Core/Src/stm32f4xx_it.o
                0x00000000080034f8                RTC_Alarm_IRQHandler
 .text.TIM6_DAC_IRQHandler
                0x000000000800350c       0x50 Core/Src/stm32f4xx_it.o
                0x000000000800350c                TIM6_DAC_IRQHandler
 .text.NMI_Handler
                0x000000000800355c        0x6 Core/Src/stm32f4xx_it.o
                0x000000000800355c                NMI_Handler
 .text.HardFault_Handler
                0x0000000008003562        0x6 Core/Src/stm32f4xx_it.o
                0x0000000008003562                HardFault_Handler
 .text.MemManage_Handler
                0x0000000008003568        0x6 Core/Src/stm32f4xx_it.o
                0x0000000008003568                MemManage_Handler
 .text.BusFault_Handler
                0x000000000800356e        0x6 Core/Src/stm32f4xx_it.o
                0x000000000800356e                BusFault_Handler
 .text.UsageFault_Handler
                0x0000000008003574        0x6 Core/Src/stm32f4xx_it.o
                0x0000000008003574                UsageFault_Handler
 .text.SVC_Handler
                0x000000000800357a        0xe Core/Src/stm32f4xx_it.o
                0x000000000800357a                SVC_Handler
 .text.DebugMon_Handler
                0x0000000008003588        0xe Core/Src/stm32f4xx_it.o
                0x0000000008003588                DebugMon_Handler
 .text.PendSV_Handler
                0x0000000008003596        0xe Core/Src/stm32f4xx_it.o
                0x0000000008003596                PendSV_Handler
 .text.SysTick_Handler
                0x00000000080035a4        0xc Core/Src/stm32f4xx_it.o
                0x00000000080035a4                SysTick_Handler
 .text.SystemInit
                0x00000000080035b0       0x2c Core/Src/system_stm32f4xx.o
                0x00000000080035b0                SystemInit
 .text.Reset_Handler
                0x00000000080035dc       0x50 Core/Startup/startup_stm32f429zitx.o
                0x00000000080035dc                Reset_Handler
 .text.Default_Handler
                0x000000000800362c        0x2 Core/Startup/startup_stm32f429zitx.o
                0x000000000800362c                HASH_RNG_IRQHandler
                0x000000000800362c                TIM8_CC_IRQHandler
                0x000000000800362c                UART8_IRQHandler
                0x000000000800362c                SPI4_IRQHandler
                0x000000000800362c                TIM1_CC_IRQHandler
                0x000000000800362c                DMA2_Stream5_IRQHandler
                0x000000000800362c                DMA1_Stream5_IRQHandler
                0x000000000800362c                PVD_IRQHandler
                0x000000000800362c                SDIO_IRQHandler
                0x000000000800362c                TAMP_STAMP_IRQHandler
                0x000000000800362c                CAN2_RX1_IRQHandler
                0x000000000800362c                TIM8_TRG_COM_TIM14_IRQHandler
                0x000000000800362c                TIM1_UP_TIM10_IRQHandler
                0x000000000800362c                TIM8_UP_TIM13_IRQHandler
                0x000000000800362c                I2C3_ER_IRQHandler
                0x000000000800362c                I2C2_EV_IRQHandler
                0x000000000800362c                DMA1_Stream2_IRQHandler
                0x000000000800362c                CAN1_RX0_IRQHandler
                0x000000000800362c                FPU_IRQHandler
                0x000000000800362c                OTG_HS_WKUP_IRQHandler
                0x000000000800362c                LTDC_ER_IRQHandler
                0x000000000800362c                CAN2_SCE_IRQHandler
                0x000000000800362c                DMA2_Stream2_IRQHandler
                0x000000000800362c                SPI1_IRQHandler
                0x000000000800362c                TIM1_BRK_TIM9_IRQHandler
                0x000000000800362c                DCMI_IRQHandler
                0x000000000800362c                CAN2_RX0_IRQHandler
                0x000000000800362c                DMA2_Stream3_IRQHandler
                0x000000000800362c                USART6_IRQHandler
                0x000000000800362c                USART3_IRQHandler
                0x000000000800362c                CAN1_RX1_IRQHandler
                0x000000000800362c                UART5_IRQHandler
                0x000000000800362c                DMA2_Stream0_IRQHandler
                0x000000000800362c                TIM4_IRQHandler
                0x000000000800362c                I2C1_EV_IRQHandler
                0x000000000800362c                DMA1_Stream6_IRQHandler
                0x000000000800362c                DMA1_Stream1_IRQHandler
                0x000000000800362c                UART4_IRQHandler
                0x000000000800362c                TIM3_IRQHandler
                0x000000000800362c                RCC_IRQHandler
                0x000000000800362c                TIM8_BRK_TIM12_IRQHandler
                0x000000000800362c                Default_Handler
                0x000000000800362c                EXTI15_10_IRQHandler
                0x000000000800362c                ADC_IRQHandler
                0x000000000800362c                DMA1_Stream7_IRQHandler
                0x000000000800362c                SPI5_IRQHandler
                0x000000000800362c                TIM7_IRQHandler
                0x000000000800362c                CAN2_TX_IRQHandler
                0x000000000800362c                TIM5_IRQHandler
                0x000000000800362c                DMA2_Stream7_IRQHandler
                0x000000000800362c                I2C3_EV_IRQHandler
                0x000000000800362c                EXTI9_5_IRQHandler
                0x000000000800362c                RTC_WKUP_IRQHandler
                0x000000000800362c                LTDC_IRQHandler
                0x000000000800362c                ETH_WKUP_IRQHandler
                0x000000000800362c                SPI2_IRQHandler
                0x000000000800362c                OTG_HS_EP1_IN_IRQHandler
                0x000000000800362c                DMA1_Stream0_IRQHandler
                0x000000000800362c                CAN1_TX_IRQHandler
                0x000000000800362c                ETH_IRQHandler
                0x000000000800362c                OTG_HS_EP1_OUT_IRQHandler
                0x000000000800362c                WWDG_IRQHandler
                0x000000000800362c                SPI6_IRQHandler
                0x000000000800362c                TIM2_IRQHandler
                0x000000000800362c                OTG_FS_WKUP_IRQHandler
                0x000000000800362c                TIM1_TRG_COM_TIM11_IRQHandler
                0x000000000800362c                OTG_HS_IRQHandler
                0x000000000800362c                DMA2D_IRQHandler
                0x000000000800362c                UART7_IRQHandler
                0x000000000800362c                USART2_IRQHandler
                0x000000000800362c                I2C2_ER_IRQHandler
                0x000000000800362c                DMA2_Stream1_IRQHandler
                0x000000000800362c                CAN1_SCE_IRQHandler
                0x000000000800362c                FLASH_IRQHandler
                0x000000000800362c                DMA2_Stream4_IRQHandler
                0x000000000800362c                OTG_FS_IRQHandler
                0x000000000800362c                SPI3_IRQHandler
                0x000000000800362c                DMA1_Stream4_IRQHandler
                0x000000000800362c                I2C1_ER_IRQHandler
                0x000000000800362c                FMC_IRQHandler
                0x000000000800362c                DMA2_Stream6_IRQHandler
                0x000000000800362c                SAI1_IRQHandler
                0x000000000800362c                DMA1_Stream3_IRQHandler
 *fill*         0x000000000800362e        0x2 
 .text.HAL_Init
                0x0000000008003630       0x44 Drivers/STM32F4xx_HAL_Driver/Src/stm32f4xx_hal.o
                0x0000000008003630                HAL_Init
 .text.HAL_InitTick
                0x0000000008003674       0x60 Drivers/STM32F4xx_HAL_Driver/Src/stm32f4xx_hal.o
                0x0000000008003674                HAL_InitTick
 .text.HAL_IncTick
                0x00000000080036d4       0x28 Drivers/STM32F4xx_HAL_Driver/Src/stm32f4xx_hal.o
                0x00000000080036d4                HAL_IncTick
 .text.HAL_GetTick
                0x00000000080036fc       0x18 Drivers/STM32F4xx_HAL_Driver/Src/stm32f4xx_hal.o
                0x00000000080036fc                HAL_GetTick
 .text.HAL_Delay
                0x0000000008003714       0x44 Drivers/STM32F4xx_HAL_Driver/Src/stm32f4xx_hal.o
                0x0000000008003714                HAL_Delay
 .text.__NVIC_SetPriorityGrouping
                0x0000000008003758       0x48 Drivers/STM32F4xx_HAL_Driver/Src/stm32f4xx_hal_cortex.o
 .text.__NVIC_GetPriorityGrouping
                0x00000000080037a0       0x1c Drivers/STM32F4xx_HAL_Driver/Src/stm32f4xx_hal_cortex.o
 .text.__NVIC_EnableIRQ
                0x00000000080037bc       0x3c Drivers/STM32F4xx_HAL_Driver/Src/stm32f4xx_hal_cortex.o
 .text.__NVIC_SetPriority
                0x00000000080037f8       0x54 Drivers/STM32F4xx_HAL_Driver/Src/stm32f4xx_hal_cortex.o
 .text.NVIC_EncodePriority
                0x000000000800384c       0x66 Drivers/STM32F4xx_HAL_Driver/Src/stm32f4xx_hal_cortex.o
 *fill*         0x00000000080038b2        0x2 
 .text.SysTick_Config
                0x00000000080038b4       0x44 Drivers/STM32F4xx_HAL_Driver/Src/stm32f4xx_hal_cortex.o
 .text.HAL_NVIC_SetPriorityGrouping
                0x00000000080038f8       0x16 Drivers/STM32F4xx_HAL_Driver/Src/stm32f4xx_hal_cortex.o
                0x00000000080038f8                HAL_NVIC_SetPriorityGrouping
 .text.HAL_NVIC_SetPriority
                0x000000000800390e       0x38 Drivers/STM32F4xx_HAL_Driver/Src/stm32f4xx_hal_cortex.o
                0x000000000800390e                HAL_NVIC_SetPriority
 .text.HAL_NVIC_EnableIRQ
                0x0000000008003946       0x1c Drivers/STM32F4xx_HAL_Driver/Src/stm32f4xx_hal_cortex.o
                0x0000000008003946                HAL_NVIC_EnableIRQ
 .text.HAL_SYSTICK_Config
                0x0000000008003962       0x18 Drivers/STM32F4xx_HAL_Driver/Src/stm32f4xx_hal_cortex.o
                0x0000000008003962                HAL_SYSTICK_Config
 .text.HAL_DMA_Abort_IT
                0x000000000800397a       0x44 Drivers/STM32F4xx_HAL_Driver/Src/stm32f4xx_hal_dma.o
                0x000000000800397a                HAL_DMA_Abort_IT
 *fill*         0x00000000080039be        0x2 
 .text.HAL_GPIO_Init
                0x00000000080039c0      0x354 Drivers/STM32F4xx_HAL_Driver/Src/stm32f4xx_hal_gpio.o
                0x00000000080039c0                HAL_GPIO_Init
 .text.HAL_GPIO_WritePin
                0x0000000008003d14       0x32 Drivers/STM32F4xx_HAL_Driver/Src/stm32f4xx_hal_gpio.o
                0x0000000008003d14                HAL_GPIO_WritePin
 *fill*         0x0000000008003d46        0x2 
 .text.HAL_GPIO_EXTI_IRQHandler
                0x0000000008003d48       0x30 Drivers/STM32F4xx_HAL_Driver/Src/stm32f4xx_hal_gpio.o
                0x0000000008003d48                HAL_GPIO_EXTI_IRQHandler
 .text.HAL_GPIO_EXTI_Callback
                0x0000000008003d78       0x16 Drivers/STM32F4xx_HAL_Driver/Src/stm32f4xx_hal_gpio.o
                0x0000000008003d78                HAL_GPIO_EXTI_Callback
 *fill*         0x0000000008003d8e        0x2 
 .text.HAL_LTDC_Init
                0x0000000008003d90      0x1a8 Drivers/STM32F4xx_HAL_Driver/Src/stm32f4xx_hal_ltdc.o
                0x0000000008003d90                HAL_LTDC_Init
 .text.HAL_LTDC_ConfigLayer
                0x0000000008003f38       0x7c Drivers/STM32F4xx_HAL_Driver/Src/stm32f4xx_hal_ltdc.o
                0x0000000008003f38                HAL_LTDC_ConfigLayer
 .text.HAL_LTDC_ConfigCLUT
                0x0000000008003fb4       0xe8 Drivers/STM32F4xx_HAL_Driver/Src/stm32f4xx_hal_ltdc.o
                0x0000000008003fb4                HAL_LTDC_ConfigCLUT
 .text.HAL_LTDC_EnableCLUT
                0x000000000800409c       0x72 Drivers/STM32F4xx_HAL_Driver/Src/stm32f4xx_hal_ltdc.o
                0x000000000800409c                HAL_LTDC_EnableCLUT
 .text.HAL_LTDC_SetAddress
                0x000000000800410e       0x6c Drivers/STM32F4xx_HAL_Driver/Src/stm32f4xx_hal_ltdc.o
                0x000000000800410e                HAL_LTDC_SetAddress
 .text.HAL_LTDC_Reload
                0x000000000800417a       0x5e Drivers/STM32F4xx_HAL_Driver/Src/stm32f4xx_hal_ltdc.o
                0x000000000800417a                HAL_LTDC_Reload
 .text.LTDC_SetConfig
                0x00000000080041d8      0x33a Drivers/STM32F4xx_HAL_Driver/Src/stm32f4xx_hal_ltdc.o
 *fill*         0x0000000008004512        0x2 
 .text.HAL_PWREx_EnableOverDrive
                0x0000000008004514       0xa0 Drivers/STM32F4xx_HAL_Driver/Src/stm32f4xx_hal_pwr_ex.o
                0x0000000008004514                HAL_PWREx_EnableOverDrive
 .text.HAL_RCC_OscConfig
                0x00000000080045b4      0x4f0 Drivers/STM32F4xx_HAL_Driver/Src/stm32f4xx_hal_rcc.o
                0x00000000080045b4                HAL_RCC_OscConfig
 .text.HAL_RCC_ClockConfig
                0x0000000008004aa4      0x1cc Drivers/STM32F4xx_HAL_Driver/Src/stm32f4xx_hal_rcc.o
                0x0000000008004aa4                HAL_RCC_ClockConfig
 .text.HAL_RCC_GetSysClockFreq
                0x0000000008004c70      0x1b0 Drivers/STM32F4xx_HAL_Driver/Src/stm32f4xx_hal_rcc.o
                0x0000000008004c70                HAL_RCC_GetSysClockFreq
 .text.HAL_RCC_GetHCLKFreq
                0x0000000008004e20       0x18 Drivers/STM32F4xx_HAL_Driver/Src/stm32f4xx_hal_rcc.o
                0x0000000008004e20                HAL_RCC_GetHCLKFreq
 .text.HAL_RCC_GetPCLK1Freq
                0x0000000008004e38       0x28 Drivers/STM32F4xx_HAL_Driver/Src/stm32f4xx_hal_rcc.o
                0x0000000008004e38                HAL_RCC_GetPCLK1Freq
 .text.HAL_RCC_GetPCLK2Freq
                0x0000000008004e60       0x28 Drivers/STM32F4xx_HAL_Driver/Src/stm32f4xx_hal_rcc.o
                0x0000000008004e60                HAL_RCC_GetPCLK2Freq
 .text.HAL_RCCEx_PeriphCLKConfig
                0x0000000008004e88      0x37c Drivers/STM32F4xx_HAL_Driver/Src/stm32f4xx_hal_rcc_ex.o
                0x0000000008004e88                HAL_RCCEx_PeriphCLKConfig
 .text.HAL_RTC_Init
                0x0000000008005204      0x122 Drivers/STM32F4xx_HAL_Driver/Src/stm32f4xx_hal_rtc.o
                0x0000000008005204                HAL_RTC_Init
 .text.HAL_RTC_MspInit
                0x0000000008005326       0x14 Drivers/STM32F4xx_HAL_Driver/Src/stm32f4xx_hal_rtc.o
                0x0000000008005326                HAL_RTC_MspInit
 *fill*         0x000000000800533a        0x2 
 .text.HAL_RTC_AlarmIRQHandler
                0x000000000800533c       0x8c Drivers/STM32F4xx_HAL_Driver/Src/stm32f4xx_hal_rtc.o
                0x000000000800533c                HAL_RTC_AlarmIRQHandler
 .text.HAL_RTC_AlarmAEventCallback
                0x00000000080053c8       0x14 Drivers/STM32F4xx_HAL_Driver/Src/stm32f4xx_hal_rtc.o
                0x00000000080053c8                HAL_RTC_AlarmAEventCallback
 .text.HAL_RTC_WaitForSynchro
                0x00000000080053dc       0x50 Drivers/STM32F4xx_HAL_Driver/Src/stm32f4xx_hal_rtc.o
                0x00000000080053dc                HAL_RTC_WaitForSynchro
 .text.RTC_EnterInitMode
                0x000000000800542c       0x58 Drivers/STM32F4xx_HAL_Driver/Src/stm32f4xx_hal_rtc.o
                0x000000000800542c                RTC_EnterInitMode
 .text.HAL_RTCEx_AlarmBEventCallback
                0x0000000008005484       0x14 Drivers/STM32F4xx_HAL_Driver/Src/stm32f4xx_hal_rtc_ex.o
                0x0000000008005484                HAL_RTCEx_AlarmBEventCallback
 .text.HAL_SPI_Init
                0x0000000008005498       0xc8 Drivers/STM32F4xx_HAL_Driver/Src/stm32f4xx_hal_spi.o
                0x0000000008005498                HAL_SPI_Init
 .text.HAL_SPI_Transmit
                0x0000000008005560      0x27a Drivers/STM32F4xx_HAL_Driver/Src/stm32f4xx_hal_spi.o
                0x0000000008005560                HAL_SPI_Transmit
 .text.SPI_WaitFlagStateUntilTimeout
                0x00000000080057da       0xd2 Drivers/STM32F4xx_HAL_Driver/Src/stm32f4xx_hal_spi.o
 .text.SPI_CheckFlag_BSY
                0x00000000080058ac       0x3c Drivers/STM32F4xx_HAL_Driver/Src/stm32f4xx_hal_spi.o
 .text.HAL_TIM_Base_Init
                0x00000000080058e8       0x9e Drivers/STM32F4xx_HAL_Driver/Src/stm32f4xx_hal_tim.o
                0x00000000080058e8                HAL_TIM_Base_Init
 .text.HAL_TIM_Base_MspInit
                0x0000000008005986       0x14 Drivers/STM32F4xx_HAL_Driver/Src/stm32f4xx_hal_tim.o
                0x0000000008005986                HAL_TIM_Base_MspInit
 *fill*         0x000000000800599a        0x2 
 .text.HAL_TIM_Base_Start_IT
                0x000000000800599c       0xe0 Drivers/STM32F4xx_HAL_Driver/Src/stm32f4xx_hal_tim.o
                0x000000000800599c                HAL_TIM_Base_Start_IT
 .text.HAL_TIM_IRQHandler
                0x0000000008005a7c      0x210 Drivers/STM32F4xx_HAL_Driver/Src/stm32f4xx_hal_tim.o
                0x0000000008005a7c                HAL_TIM_IRQHandler
 .text.HAL_TIM_PeriodElapsedCallback
                0x0000000008005c8c       0x14 Drivers/STM32F4xx_HAL_Driver/Src/stm32f4xx_hal_tim.o
                0x0000000008005c8c                HAL_TIM_PeriodElapsedCallback
 .text.HAL_TIM_OC_DelayElapsedCallback
                0x0000000008005ca0       0x14 Drivers/STM32F4xx_HAL_Driver/Src/stm32f4xx_hal_tim.o
                0x0000000008005ca0                HAL_TIM_OC_DelayElapsedCallback
 .text.HAL_TIM_IC_CaptureCallback
                0x0000000008005cb4       0x14 Drivers/STM32F4xx_HAL_Driver/Src/stm32f4xx_hal_tim.o
                0x0000000008005cb4                HAL_TIM_IC_CaptureCallback
 .text.HAL_TIM_PWM_PulseFinishedCallback
                0x0000000008005cc8       0x14 Drivers/STM32F4xx_HAL_Driver/Src/stm32f4xx_hal_tim.o
                0x0000000008005cc8                HAL_TIM_PWM_PulseFinishedCallback
 .text.HAL_TIM_TriggerCallback
                0x0000000008005cdc       0x14 Drivers/STM32F4xx_HAL_Driver/Src/stm32f4xx_hal_tim.o
                0x0000000008005cdc                HAL_TIM_TriggerCallback
 .text.TIM_Base_SetConfig
                0x0000000008005cf0      0x140 Drivers/STM32F4xx_HAL_Driver/Src/stm32f4xx_hal_tim.o
                0x0000000008005cf0                TIM_Base_SetConfig
 .text.HAL_TIMEx_MasterConfigSynchronization
                0x0000000008005e30       0xf8 Drivers/STM32F4xx_HAL_Driver/Src/stm32f4xx_hal_tim_ex.o
                0x0000000008005e30                HAL_TIMEx_MasterConfigSynchronization
 .text.HAL_TIMEx_CommutCallback
                0x0000000008005f28       0x14 Drivers/STM32F4xx_HAL_Driver/Src/stm32f4xx_hal_tim_ex.o
                0x0000000008005f28                HAL_TIMEx_CommutCallback
 .text.HAL_TIMEx_BreakCallback
                0x0000000008005f3c       0x14 Drivers/STM32F4xx_HAL_Driver/Src/stm32f4xx_hal_tim_ex.o
                0x0000000008005f3c                HAL_TIMEx_BreakCallback
 .text.HAL_UART_Init
                0x0000000008005f50       0x9a Drivers/STM32F4xx_HAL_Driver/Src/stm32f4xx_hal_uart.o
                0x0000000008005f50                HAL_UART_Init
 .text.HAL_UART_MspInit
                0x0000000008005fea       0x14 Drivers/STM32F4xx_HAL_Driver/Src/stm32f4xx_hal_uart.o
                0x0000000008005fea                HAL_UART_MspInit
 .text.HAL_UART_Receive
                0x0000000008005ffe      0x14c Drivers/STM32F4xx_HAL_Driver/Src/stm32f4xx_hal_uart.o
                0x0000000008005ffe                HAL_UART_Receive
 *fill*         0x000000000800614a        0x2 
 .text.HAL_UART_IRQHandler
                0x000000000800614c      0x200 Drivers/STM32F4xx_HAL_Driver/Src/stm32f4xx_hal_uart.o
                0x000000000800614c                HAL_UART_IRQHandler
 .text.HAL_UART_TxCpltCallback
                0x000000000800634c       0x14 Drivers/STM32F4xx_HAL_Driver/Src/stm32f4xx_hal_uart.o
                0x000000000800634c                HAL_UART_TxCpltCallback
 .text.HAL_UART_RxCpltCallback
                0x0000000008006360       0x14 Drivers/STM32F4xx_HAL_Driver/Src/stm32f4xx_hal_uart.o
                0x0000000008006360                HAL_UART_RxCpltCallback
 .text.HAL_UART_ErrorCallback
                0x0000000008006374       0x14 Drivers/STM32F4xx_HAL_Driver/Src/stm32f4xx_hal_uart.o
                0x0000000008006374                HAL_UART_ErrorCallback
 .text.UART_WaitOnFlagUntilTimeout
                0x0000000008006388       0x94 Drivers/STM32F4xx_HAL_Driver/Src/stm32f4xx_hal_uart.o
 .text.UART_EndRxTransfer
                0x000000000800641c       0x3c Drivers/STM32F4xx_HAL_Driver/Src/stm32f4xx_hal_uart.o
 .text.UART_DMAAbortOnError
                0x0000000008006458       0x28 Drivers/STM32F4xx_HAL_Driver/Src/stm32f4xx_hal_uart.o
 .text.UART_Transmit_IT
                0x0000000008006480       0xac Drivers/STM32F4xx_HAL_Driver/Src/stm32f4xx_hal_uart.o
 .text.UART_EndTransmit_IT
                0x000000000800652c       0x30 Drivers/STM32F4xx_HAL_Driver/Src/stm32f4xx_hal_uart.o
 .text.UART_Receive_IT
                0x000000000800655c      0x102 Drivers/STM32F4xx_HAL_Driver/Src/stm32f4xx_hal_uart.o
 *fill*         0x000000000800665e        0x2 
 .text.UART_SetConfig
                0x0000000008006660      0x6f8 Drivers/STM32F4xx_HAL_Driver/Src/stm32f4xx_hal_uart.o
 .text.__libc_init_array
                0x0000000008006d58       0x48 c:/st/stm32cubeide_1.5.1/stm32cubeide/plugins/com.st.stm32cube.ide.mcu.externaltools.gnu-tools-for-stm32.7-2018-q2-update.win32_1.5.0.202011040924/tools/bin/../lib/gcc/arm-none-eabi/7.3.1/../../../../arm-none-eabi/lib/thumb/v7e-m/fpv4-sp/hard\libc_nano.a(lib_a-init.o)
                0x0000000008006d58                __libc_init_array
 .text.memset   0x0000000008006da0       0x10 c:/st/stm32cubeide_1.5.1/stm32cubeide/plugins/com.st.stm32cube.ide.mcu.externaltools.gnu-tools-for-stm32.7-2018-q2-update.win32_1.5.0.202011040924/tools/bin/../lib/gcc/arm-none-eabi/7.3.1/../../../../arm-none-eabi/lib/thumb/v7e-m/fpv4-sp/hard\libc_nano.a(lib_a-memset.o)
                0x0000000008006da0                memset
 .text.strcat   0x0000000008006db0       0x1e c:/st/stm32cubeide_1.5.1/stm32cubeide/plugins/com.st.stm32cube.ide.mcu.externaltools.gnu-tools-for-stm32.7-2018-q2-update.win32_1.5.0.202011040924/tools/bin/../lib/gcc/arm-none-eabi/7.3.1/../../../../arm-none-eabi/lib/thumb/v7e-m/fpv4-sp/hard\libc_nano.a(lib_a-strcat.o)
                0x0000000008006db0                strcat
 .text.strncpy  0x0000000008006dce       0x2a c:/st/stm32cubeide_1.5.1/stm32cubeide/plugins/com.st.stm32cube.ide.mcu.externaltools.gnu-tools-for-stm32.7-2018-q2-update.win32_1.5.0.202011040924/tools/bin/../lib/gcc/arm-none-eabi/7.3.1/../../../../arm-none-eabi/lib/thumb/v7e-m/fpv4-sp/hard\libc_nano.a(lib_a-strncpy.o)
                0x0000000008006dce                strncpy
 *(.glue_7)
 .glue_7        0x0000000008006df8        0x0 linker stubs
 *(.glue_7t)
 .glue_7t       0x0000000008006df8        0x0 linker stubs
 *(.eh_frame)
 .eh_frame      0x0000000008006df8        0x0 c:/st/stm32cubeide_1.5.1/stm32cubeide/plugins/com.st.stm32cube.ide.mcu.externaltools.gnu-tools-for-stm32.7-2018-q2-update.win32_1.5.0.202011040924/tools/bin/../lib/gcc/arm-none-eabi/7.3.1/thumb/v7e-m/fpv4-sp/hard/crtbegin.o
 *(.init)
 .init          0x0000000008006df8        0x4 c:/st/stm32cubeide_1.5.1/stm32cubeide/plugins/com.st.stm32cube.ide.mcu.externaltools.gnu-tools-for-stm32.7-2018-q2-update.win32_1.5.0.202011040924/tools/bin/../lib/gcc/arm-none-eabi/7.3.1/thumb/v7e-m/fpv4-sp/hard/crti.o
                0x0000000008006df8                _init
 .init          0x0000000008006dfc        0x8 c:/st/stm32cubeide_1.5.1/stm32cubeide/plugins/com.st.stm32cube.ide.mcu.externaltools.gnu-tools-for-stm32.7-2018-q2-update.win32_1.5.0.202011040924/tools/bin/../lib/gcc/arm-none-eabi/7.3.1/thumb/v7e-m/fpv4-sp/hard/crtn.o
 *(.fini)
 .fini          0x0000000008006e04        0x4 c:/st/stm32cubeide_1.5.1/stm32cubeide/plugins/com.st.stm32cube.ide.mcu.externaltools.gnu-tools-for-stm32.7-2018-q2-update.win32_1.5.0.202011040924/tools/bin/../lib/gcc/arm-none-eabi/7.3.1/thumb/v7e-m/fpv4-sp/hard/crti.o
                0x0000000008006e04                _fini
 .fini          0x0000000008006e08        0x8 c:/st/stm32cubeide_1.5.1/stm32cubeide/plugins/com.st.stm32cube.ide.mcu.externaltools.gnu-tools-for-stm32.7-2018-q2-update.win32_1.5.0.202011040924/tools/bin/../lib/gcc/arm-none-eabi/7.3.1/thumb/v7e-m/fpv4-sp/hard/crtn.o
                0x0000000008006e10                . = ALIGN (0x4)
                0x0000000008006e10                _etext = .

.vfp11_veneer   0x0000000008006e10        0x0
 .vfp11_veneer  0x0000000008006e10        0x0 linker stubs

.v4_bx          0x0000000008006e10        0x0
 .v4_bx         0x0000000008006e10        0x0 linker stubs

.iplt           0x0000000008006e10        0x0
 .iplt          0x0000000008006e10        0x0 c:/st/stm32cubeide_1.5.1/stm32cubeide/plugins/com.st.stm32cube.ide.mcu.externaltools.gnu-tools-for-stm32.7-2018-q2-update.win32_1.5.0.202011040924/tools/bin/../lib/gcc/arm-none-eabi/7.3.1/thumb/v7e-m/fpv4-sp/hard/crtbegin.o

.rodata         0x0000000008006e10      0x45c
                0x0000000008006e10                . = ALIGN (0x4)
 *(.rodata)
 .rodata        0x0000000008006e10       0x42 Core/Src/screens.o
 *(.rodata*)
 *fill*         0x0000000008006e52        0x2 
 .rodata.CLUT   0x0000000008006e54      0x400 Core/Src/lcd.o
                0x0000000008006e54                CLUT
 .rodata.AHBPrescTable
                0x0000000008007254       0x10 Core/Src/system_stm32f4xx.o
                0x0000000008007254                AHBPrescTable
 .rodata.APBPrescTable
                0x0000000008007264        0x8 Core/Src/system_stm32f4xx.o
                0x0000000008007264                APBPrescTable
                0x000000000800726c                . = ALIGN (0x4)

.ARM.extab      0x000000000800726c        0x0
                0x000000000800726c                . = ALIGN (0x4)
 *(.ARM.extab* .gnu.linkonce.armextab.*)
                0x000000000800726c                . = ALIGN (0x4)

.ARM            0x000000000800726c        0x8
                0x000000000800726c                . = ALIGN (0x4)
                0x000000000800726c                __exidx_start = .
 *(.ARM.exidx*)
 .ARM.exidx     0x000000000800726c        0x8 c:/st/stm32cubeide_1.5.1/stm32cubeide/plugins/com.st.stm32cube.ide.mcu.externaltools.gnu-tools-for-stm32.7-2018-q2-update.win32_1.5.0.202011040924/tools/bin/../lib/gcc/arm-none-eabi/7.3.1/thumb/v7e-m/fpv4-sp/hard\libgcc.a(_udivmoddi4.o)
                0x0000000008007274                __exidx_end = .
                0x0000000008007274                . = ALIGN (0x4)

.rel.dyn        0x0000000008007274        0x0
 .rel.iplt      0x0000000008007274        0x0 c:/st/stm32cubeide_1.5.1/stm32cubeide/plugins/com.st.stm32cube.ide.mcu.externaltools.gnu-tools-for-stm32.7-2018-q2-update.win32_1.5.0.202011040924/tools/bin/../lib/gcc/arm-none-eabi/7.3.1/thumb/v7e-m/fpv4-sp/hard/crtbegin.o

.preinit_array  0x0000000008007274        0x0
                0x0000000008007274                . = ALIGN (0x4)
                0x0000000008007274                PROVIDE (__preinit_array_start = .)
 *(.preinit_array*)
                0x0000000008007274                PROVIDE (__preinit_array_end = .)
                0x0000000008007274                . = ALIGN (0x4)

.init_array     0x0000000008007274        0x4
                0x0000000008007274                . = ALIGN (0x4)
                0x0000000008007274                PROVIDE (__init_array_start = .)
 *(SORT_BY_NAME(.init_array.*))
 *(.init_array*)
 .init_array    0x0000000008007274        0x4 c:/st/stm32cubeide_1.5.1/stm32cubeide/plugins/com.st.stm32cube.ide.mcu.externaltools.gnu-tools-for-stm32.7-2018-q2-update.win32_1.5.0.202011040924/tools/bin/../lib/gcc/arm-none-eabi/7.3.1/thumb/v7e-m/fpv4-sp/hard/crtbegin.o
                0x0000000008007278                PROVIDE (__init_array_end = .)
                0x0000000008007278                . = ALIGN (0x4)

.fini_array     0x0000000008007278        0x4
                0x0000000008007278                . = ALIGN (0x4)
                [!provide]                        PROVIDE (__fini_array_start = .)
 *(SORT_BY_NAME(.fini_array.*))
 *(.fini_array*)
 .fini_array    0x0000000008007278        0x4 c:/st/stm32cubeide_1.5.1/stm32cubeide/plugins/com.st.stm32cube.ide.mcu.externaltools.gnu-tools-for-stm32.7-2018-q2-update.win32_1.5.0.202011040924/tools/bin/../lib/gcc/arm-none-eabi/7.3.1/thumb/v7e-m/fpv4-sp/hard/crtbegin.o
                [!provide]                        PROVIDE (__fini_array_end = .)
                0x000000000800727c                . = ALIGN (0x4)
                0x000000000800727c                _sidata = LOADADDR (.data)

.data           0x0000000020000000    0x12c10 load address 0x000000000800727c
                0x0000000020000000                . = ALIGN (0x4)
                0x0000000020000000                _sdata = .
 *(.data)
 *(.data*)
 .data.COLOR_LTDC
                0x0000000020000000        0x1 Core/Src/graphic.o
                0x0000000020000000                COLOR_LTDC
 *fill*         0x0000000020000001        0x3 
 .data.GRAM     0x0000000020000004    0x12c00 Core/Src/lcd.o
                0x0000000020000004                GRAM
 .data.SystemCoreClock
                0x0000000020012c04        0x4 Core/Src/system_stm32f4xx.o
                0x0000000020012c04                SystemCoreClock
 .data.uwTickPrio
                0x0000000020012c08        0x4 Drivers/STM32F4xx_HAL_Driver/Src/stm32f4xx_hal.o
                0x0000000020012c08                uwTickPrio
 .data.uwTickFreq
                0x0000000020012c0c        0x1 Drivers/STM32F4xx_HAL_Driver/Src/stm32f4xx_hal.o
                0x0000000020012c0c                uwTickFreq
 *(.RamFunc)
 *(.RamFunc*)
                0x0000000020012c10                . = ALIGN (0x4)
 *fill*         0x0000000020012c0d        0x3 
                0x0000000020012c10                _edata = .

.igot.plt       0x0000000020012c10        0x0 load address 0x0000000008019e8c
 .igot.plt      0x0000000020012c10        0x0 c:/st/stm32cubeide_1.5.1/stm32cubeide/plugins/com.st.stm32cube.ide.mcu.externaltools.gnu-tools-for-stm32.7-2018-q2-update.win32_1.5.0.202011040924/tools/bin/../lib/gcc/arm-none-eabi/7.3.1/thumb/v7e-m/fpv4-sp/hard/crtbegin.o
                0x0000000020012c10                . = ALIGN (0x4)

.bss            0x0000000020012c10      0xbe4 load address 0x0000000008019e8c
                0x0000000020012c10                _sbss = .
                0x0000000020012c10                __bss_start__ = _sbss
 *(.bss)
 .bss           0x0000000020012c10       0x1c c:/st/stm32cubeide_1.5.1/stm32cubeide/plugins/com.st.stm32cube.ide.mcu.externaltools.gnu-tools-for-stm32.7-2018-q2-update.win32_1.5.0.202011040924/tools/bin/../lib/gcc/arm-none-eabi/7.3.1/thumb/v7e-m/fpv4-sp/hard/crtbegin.o
 *(.bss*)
 .bss.view_index
                0x0000000020012c2c        0x4 Core/Src/main.o
                0x0000000020012c2c                view_index
 .bss.timer_count
                0x0000000020012c30        0x2 Core/Src/mylibrary.o
                0x0000000020012c30                timer_count
 .bss.buffer_index
                0x0000000020012c32        0x2 Core/Src/mylibrary.o
                0x0000000020012c32                buffer_index
 *(COMMON)
 COMMON         0x0000000020012c34       0xa8 Core/Src/ltdc.o
                0x0000000020012c34                hltdc
 COMMON         0x0000000020012cdc       0xca Core/Src/main.o
                0x0000000020012cdc                huart1
                0x0000000020012d1c                hrtc
                0x0000000020012d3c                htim6
                0x0000000020012d84                time
                0x0000000020012d90                min
                0x0000000020012d94                sec
                0x0000000020012d98                hr
                0x0000000020012d9c                date
 *fill*         0x0000000020012da6        0x2 
 COMMON         0x0000000020012da8      0x9ed Core/Src/mylibrary.o
                0x0000000020012da8                mdate
                0x0000000020012dac                schedule
                0x0000000020013324                apm
                0x0000000020013328                buffer
                0x0000000020013710                testnum
                0x0000000020013714                mtime
                0x000000002001371c                med
                0x000000002001372c                bufferarr
                0x0000000020013790                nbin
                0x0000000020013794                npill
 *fill*         0x0000000020013795        0x3 
 COMMON         0x0000000020013798       0x58 Core/Src/spi.o
                0x0000000020013798                hspi5
 COMMON         0x00000000200137f0        0x4 Drivers/STM32F4xx_HAL_Driver/Src/stm32f4xx_hal.o
                0x00000000200137f0                uwTick
                0x00000000200137f4                . = ALIGN (0x4)
                0x00000000200137f4                _ebss = .
                0x00000000200137f4                __bss_end__ = _ebss

._user_heap_stack
                0x00000000200137f4      0x604 load address 0x0000000008019e8c
                0x00000000200137f8                . = ALIGN (0x8)
 *fill*         0x00000000200137f4        0x4 
                [!provide]                        PROVIDE (end = .)
                0x00000000200137f8                PROVIDE (_end = .)
                0x00000000200139f8                . = (. + _Min_Heap_Size)
 *fill*         0x00000000200137f8      0x200 
                0x0000000020013df8                . = (. + _Min_Stack_Size)
 *fill*         0x00000000200139f8      0x400 
                0x0000000020013df8                . = ALIGN (0x8)

/DISCARD/
 libc.a(*)
 libm.a(*)
 libgcc.a(*)

.ARM.attributes
                0x0000000000000000       0x30
 *(.ARM.attributes)
 .ARM.attributes
                0x0000000000000000       0x22 c:/st/stm32cubeide_1.5.1/stm32cubeide/plugins/com.st.stm32cube.ide.mcu.externaltools.gnu-tools-for-stm32.7-2018-q2-update.win32_1.5.0.202011040924/tools/bin/../lib/gcc/arm-none-eabi/7.3.1/thumb/v7e-m/fpv4-sp/hard/crti.o
 .ARM.attributes
                0x0000000000000022       0x34 c:/st/stm32cubeide_1.5.1/stm32cubeide/plugins/com.st.stm32cube.ide.mcu.externaltools.gnu-tools-for-stm32.7-2018-q2-update.win32_1.5.0.202011040924/tools/bin/../lib/gcc/arm-none-eabi/7.3.1/thumb/v7e-m/fpv4-sp/hard/crtbegin.o
 .ARM.attributes
                0x0000000000000056       0x39 Core/Src/graphic.o
 .ARM.attributes
                0x000000000000008f       0x39 Core/Src/lcd.o
 .ARM.attributes
                0x00000000000000c8       0x39 Core/Src/ltdc.o
 .ARM.attributes
                0x0000000000000101       0x39 Core/Src/main.o
 .ARM.attributes
                0x000000000000013a       0x39 Core/Src/mylibrary.o
 .ARM.attributes
                0x0000000000000173       0x39 Core/Src/screens.o
 .ARM.attributes
                0x00000000000001ac       0x39 Core/Src/spi.o
 .ARM.attributes
                0x00000000000001e5       0x39 Core/Src/stm32f4xx_hal_msp.o
 .ARM.attributes
                0x000000000000021e       0x39 Core/Src/stm32f4xx_it.o
 .ARM.attributes
                0x0000000000000257       0x39 Core/Src/system_stm32f4xx.o
 .ARM.attributes
                0x0000000000000290       0x21 Core/Startup/startup_stm32f429zitx.o
 .ARM.attributes
                0x00000000000002b1       0x39 Drivers/STM32F4xx_HAL_Driver/Src/stm32f4xx_hal.o
 .ARM.attributes
                0x00000000000002ea       0x39 Drivers/STM32F4xx_HAL_Driver/Src/stm32f4xx_hal_cortex.o
 .ARM.attributes
                0x0000000000000323       0x39 Drivers/STM32F4xx_HAL_Driver/Src/stm32f4xx_hal_dma.o
 .ARM.attributes
                0x000000000000035c       0x39 Drivers/STM32F4xx_HAL_Driver/Src/stm32f4xx_hal_gpio.o
 .ARM.attributes
                0x0000000000000395       0x39 Drivers/STM32F4xx_HAL_Driver/Src/stm32f4xx_hal_ltdc.o
 .ARM.attributes
                0x00000000000003ce       0x39 Drivers/STM32F4xx_HAL_Driver/Src/stm32f4xx_hal_pwr_ex.o
 .ARM.attributes
                0x0000000000000407       0x39 Drivers/STM32F4xx_HAL_Driver/Src/stm32f4xx_hal_rcc.o
 .ARM.attributes
                0x0000000000000440       0x39 Drivers/STM32F4xx_HAL_Driver/Src/stm32f4xx_hal_rcc_ex.o
 .ARM.attributes
                0x0000000000000479       0x39 Drivers/STM32F4xx_HAL_Driver/Src/stm32f4xx_hal_rtc.o
 .ARM.attributes
                0x00000000000004b2       0x39 Drivers/STM32F4xx_HAL_Driver/Src/stm32f4xx_hal_rtc_ex.o
 .ARM.attributes
                0x00000000000004eb       0x39 Drivers/STM32F4xx_HAL_Driver/Src/stm32f4xx_hal_spi.o
 .ARM.attributes
                0x0000000000000524       0x39 Drivers/STM32F4xx_HAL_Driver/Src/stm32f4xx_hal_tim.o
 .ARM.attributes
                0x000000000000055d       0x39 Drivers/STM32F4xx_HAL_Driver/Src/stm32f4xx_hal_tim_ex.o
 .ARM.attributes
                0x0000000000000596       0x39 Drivers/STM32F4xx_HAL_Driver/Src/stm32f4xx_hal_uart.o
 .ARM.attributes
                0x00000000000005cf       0x34 c:/st/stm32cubeide_1.5.1/stm32cubeide/plugins/com.st.stm32cube.ide.mcu.externaltools.gnu-tools-for-stm32.7-2018-q2-update.win32_1.5.0.202011040924/tools/bin/../lib/gcc/arm-none-eabi/7.3.1/../../../../arm-none-eabi/lib/thumb/v7e-m/fpv4-sp/hard\libc_nano.a(lib_a-init.o)
 .ARM.attributes
                0x0000000000000603       0x34 c:/st/stm32cubeide_1.5.1/stm32cubeide/plugins/com.st.stm32cube.ide.mcu.externaltools.gnu-tools-for-stm32.7-2018-q2-update.win32_1.5.0.202011040924/tools/bin/../lib/gcc/arm-none-eabi/7.3.1/../../../../arm-none-eabi/lib/thumb/v7e-m/fpv4-sp/hard\libc_nano.a(lib_a-memset.o)
 .ARM.attributes
                0x0000000000000637       0x34 c:/st/stm32cubeide_1.5.1/stm32cubeide/plugins/com.st.stm32cube.ide.mcu.externaltools.gnu-tools-for-stm32.7-2018-q2-update.win32_1.5.0.202011040924/tools/bin/../lib/gcc/arm-none-eabi/7.3.1/../../../../arm-none-eabi/lib/thumb/v7e-m/fpv4-sp/hard\libc_nano.a(lib_a-strcat.o)
 .ARM.attributes
                0x000000000000066b       0x1b c:/st/stm32cubeide_1.5.1/stm32cubeide/plugins/com.st.stm32cube.ide.mcu.externaltools.gnu-tools-for-stm32.7-2018-q2-update.win32_1.5.0.202011040924/tools/bin/../lib/gcc/arm-none-eabi/7.3.1/../../../../arm-none-eabi/lib/thumb/v7e-m/fpv4-sp/hard\libc_nano.a(lib_a-strlen.o)
 .ARM.attributes
                0x0000000000000686       0x34 c:/st/stm32cubeide_1.5.1/stm32cubeide/plugins/com.st.stm32cube.ide.mcu.externaltools.gnu-tools-for-stm32.7-2018-q2-update.win32_1.5.0.202011040924/tools/bin/../lib/gcc/arm-none-eabi/7.3.1/../../../../arm-none-eabi/lib/thumb/v7e-m/fpv4-sp/hard\libc_nano.a(lib_a-strncpy.o)
 .ARM.attributes
                0x00000000000006ba       0x22 c:/st/stm32cubeide_1.5.1/stm32cubeide/plugins/com.st.stm32cube.ide.mcu.externaltools.gnu-tools-for-stm32.7-2018-q2-update.win32_1.5.0.202011040924/tools/bin/../lib/gcc/arm-none-eabi/7.3.1/thumb/v7e-m/fpv4-sp/hard\libgcc.a(_aeabi_uldivmod.o)
 .ARM.attributes
                0x00000000000006dc       0x34 c:/st/stm32cubeide_1.5.1/stm32cubeide/plugins/com.st.stm32cube.ide.mcu.externaltools.gnu-tools-for-stm32.7-2018-q2-update.win32_1.5.0.202011040924/tools/bin/../lib/gcc/arm-none-eabi/7.3.1/thumb/v7e-m/fpv4-sp/hard\libgcc.a(_udivmoddi4.o)
 .ARM.attributes
                0x0000000000000710       0x22 c:/st/stm32cubeide_1.5.1/stm32cubeide/plugins/com.st.stm32cube.ide.mcu.externaltools.gnu-tools-for-stm32.7-2018-q2-update.win32_1.5.0.202011040924/tools/bin/../lib/gcc/arm-none-eabi/7.3.1/thumb/v7e-m/fpv4-sp/hard\libgcc.a(_dvmd_tls.o)
 .ARM.attributes
                0x0000000000000732       0x22 c:/st/stm32cubeide_1.5.1/stm32cubeide/plugins/com.st.stm32cube.ide.mcu.externaltools.gnu-tools-for-stm32.7-2018-q2-update.win32_1.5.0.202011040924/tools/bin/../lib/gcc/arm-none-eabi/7.3.1/thumb/v7e-m/fpv4-sp/hard/crtn.o
OUTPUT(LCD_Bluetooth.elf elf32-littlearm)

.debug_info     0x0000000000000000    0x173df
 .debug_info    0x0000000000000000     0x186f Core/Src/graphic.o
 .debug_info    0x000000000000186f     0x16c7 Core/Src/lcd.o
 .debug_info    0x0000000000002f36      0x94d Core/Src/ltdc.o
 .debug_info    0x0000000000003883     0x2704 Core/Src/main.o
 .debug_info    0x0000000000005f87     0x1157 Core/Src/mylibrary.o
 .debug_info    0x00000000000070de      0xa62 Core/Src/screens.o
 .debug_info    0x0000000000007b40      0x9cb Core/Src/spi.o
 .debug_info    0x000000000000850b      0x37c Core/Src/stm32f4xx_hal_msp.o
 .debug_info    0x0000000000008887     0x15cc Core/Src/stm32f4xx_it.o
 .debug_info    0x0000000000009e53      0x56e Core/Src/system_stm32f4xx.o
 .debug_info    0x000000000000a3c1       0x22 Core/Startup/startup_stm32f429zitx.o
 .debug_info    0x000000000000a3e3      0x9b9 Drivers/STM32F4xx_HAL_Driver/Src/stm32f4xx_hal.o
 .debug_info    0x000000000000ad9c      0xe5e Drivers/STM32F4xx_HAL_Driver/Src/stm32f4xx_hal_cortex.o
 .debug_info    0x000000000000bbfa      0x968 Drivers/STM32F4xx_HAL_Driver/Src/stm32f4xx_hal_dma.o
 .debug_info    0x000000000000c562      0x7de Drivers/STM32F4xx_HAL_Driver/Src/stm32f4xx_hal_gpio.o
 .debug_info    0x000000000000cd40     0x111c Drivers/STM32F4xx_HAL_Driver/Src/stm32f4xx_hal_ltdc.o
 .debug_info    0x000000000000de5c      0x747 Drivers/STM32F4xx_HAL_Driver/Src/stm32f4xx_hal_pwr_ex.o
 .debug_info    0x000000000000e5a3      0x91e Drivers/STM32F4xx_HAL_Driver/Src/stm32f4xx_hal_rcc.o
 .debug_info    0x000000000000eec1      0x6bc Drivers/STM32F4xx_HAL_Driver/Src/stm32f4xx_hal_rcc_ex.o
 .debug_info    0x000000000000f57d      0xbbb Drivers/STM32F4xx_HAL_Driver/Src/stm32f4xx_hal_rtc.o
 .debug_info    0x0000000000010138      0xef4 Drivers/STM32F4xx_HAL_Driver/Src/stm32f4xx_hal_rtc_ex.o
 .debug_info    0x000000000001102c     0x153d Drivers/STM32F4xx_HAL_Driver/Src/stm32f4xx_hal_spi.o
 .debug_info    0x0000000000012569     0x2837 Drivers/STM32F4xx_HAL_Driver/Src/stm32f4xx_hal_tim.o
 .debug_info    0x0000000000014da0     0x13f3 Drivers/STM32F4xx_HAL_Driver/Src/stm32f4xx_hal_tim_ex.o
 .debug_info    0x0000000000016193     0x124c Drivers/STM32F4xx_HAL_Driver/Src/stm32f4xx_hal_uart.o

.debug_abbrev   0x0000000000000000     0x2f5d
 .debug_abbrev  0x0000000000000000      0x170 Core/Src/graphic.o
 .debug_abbrev  0x0000000000000170      0x245 Core/Src/lcd.o
 .debug_abbrev  0x00000000000003b5      0x173 Core/Src/ltdc.o
 .debug_abbrev  0x0000000000000528      0x2f2 Core/Src/main.o
 .debug_abbrev  0x000000000000081a      0x27d Core/Src/mylibrary.o
 .debug_abbrev  0x0000000000000a97      0x213 Core/Src/screens.o
 .debug_abbrev  0x0000000000000caa      0x199 Core/Src/spi.o
 .debug_abbrev  0x0000000000000e43      0x109 Core/Src/stm32f4xx_hal_msp.o
 .debug_abbrev  0x0000000000000f4c      0x1e5 Core/Src/stm32f4xx_it.o
 .debug_abbrev  0x0000000000001131      0x12b Core/Src/system_stm32f4xx.o
 .debug_abbrev  0x000000000000125c       0x12 Core/Startup/startup_stm32f429zitx.o
 .debug_abbrev  0x000000000000126e      0x1c7 Drivers/STM32F4xx_HAL_Driver/Src/stm32f4xx_hal.o
 .debug_abbrev  0x0000000000001435      0x2fa Drivers/STM32F4xx_HAL_Driver/Src/stm32f4xx_hal_cortex.o
 .debug_abbrev  0x000000000000172f      0x229 Drivers/STM32F4xx_HAL_Driver/Src/stm32f4xx_hal_dma.o
 .debug_abbrev  0x0000000000001958      0x1c9 Drivers/STM32F4xx_HAL_Driver/Src/stm32f4xx_hal_gpio.o
 .debug_abbrev  0x0000000000001b21      0x22e Drivers/STM32F4xx_HAL_Driver/Src/stm32f4xx_hal_ltdc.o
 .debug_abbrev  0x0000000000001d4f      0x1b8 Drivers/STM32F4xx_HAL_Driver/Src/stm32f4xx_hal_pwr_ex.o
 .debug_abbrev  0x0000000000001f07      0x245 Drivers/STM32F4xx_HAL_Driver/Src/stm32f4xx_hal_rcc.o
 .debug_abbrev  0x000000000000214c      0x173 Drivers/STM32F4xx_HAL_Driver/Src/stm32f4xx_hal_rcc_ex.o
 .debug_abbrev  0x00000000000022bf      0x1be Drivers/STM32F4xx_HAL_Driver/Src/stm32f4xx_hal_rtc.o
 .debug_abbrev  0x000000000000247d      0x1e9 Drivers/STM32F4xx_HAL_Driver/Src/stm32f4xx_hal_rtc_ex.o
 .debug_abbrev  0x0000000000002666      0x24f Drivers/STM32F4xx_HAL_Driver/Src/stm32f4xx_hal_spi.o
 .debug_abbrev  0x00000000000028b5      0x230 Drivers/STM32F4xx_HAL_Driver/Src/stm32f4xx_hal_tim.o
 .debug_abbrev  0x0000000000002ae5      0x236 Drivers/STM32F4xx_HAL_Driver/Src/stm32f4xx_hal_tim_ex.o
 .debug_abbrev  0x0000000000002d1b      0x242 Drivers/STM32F4xx_HAL_Driver/Src/stm32f4xx_hal_uart.o

.debug_aranges  0x0000000000000000     0x14a0
 .debug_aranges
                0x0000000000000000      0x168 Core/Src/graphic.o
 .debug_aranges
                0x0000000000000168       0x70 Core/Src/lcd.o
 .debug_aranges
                0x00000000000001d8       0x30 Core/Src/ltdc.o
 .debug_aranges
                0x0000000000000208       0x98 Core/Src/main.o
 .debug_aranges
                0x00000000000002a0       0x48 Core/Src/mylibrary.o
 .debug_aranges
                0x00000000000002e8       0x50 Core/Src/screens.o
 .debug_aranges
                0x0000000000000338       0x30 Core/Src/spi.o
 .debug_aranges
                0x0000000000000368       0x20 Core/Src/stm32f4xx_hal_msp.o
 .debug_aranges
                0x0000000000000388       0x78 Core/Src/stm32f4xx_it.o
 .debug_aranges
                0x0000000000000400       0x28 Core/Src/system_stm32f4xx.o
 .debug_aranges
                0x0000000000000428       0x28 Core/Startup/startup_stm32f429zitx.o
 .debug_aranges
                0x0000000000000450      0x100 Drivers/STM32F4xx_HAL_Driver/Src/stm32f4xx_hal.o
 .debug_aranges
                0x0000000000000550      0x118 Drivers/STM32F4xx_HAL_Driver/Src/stm32f4xx_hal_cortex.o
 .debug_aranges
                0x0000000000000668       0x90 Drivers/STM32F4xx_HAL_Driver/Src/stm32f4xx_hal_dma.o
 .debug_aranges
                0x00000000000006f8       0x58 Drivers/STM32F4xx_HAL_Driver/Src/stm32f4xx_hal_gpio.o
 .debug_aranges
                0x0000000000000750      0x158 Drivers/STM32F4xx_HAL_Driver/Src/stm32f4xx_hal_ltdc.o
 .debug_aranges
                0x00000000000008a8       0x60 Drivers/STM32F4xx_HAL_Driver/Src/stm32f4xx_hal_pwr_ex.o
 .debug_aranges
                0x0000000000000908       0x88 Drivers/STM32F4xx_HAL_Driver/Src/stm32f4xx_hal_rcc.o
 .debug_aranges
                0x0000000000000990       0x58 Drivers/STM32F4xx_HAL_Driver/Src/stm32f4xx_hal_rcc_ex.o
 .debug_aranges
                0x00000000000009e8       0xb8 Drivers/STM32F4xx_HAL_Driver/Src/stm32f4xx_hal_rtc.o
 .debug_aranges
                0x0000000000000aa0      0x130 Drivers/STM32F4xx_HAL_Driver/Src/stm32f4xx_hal_rtc_ex.o
 .debug_aranges
                0x0000000000000bd0      0x1c8 Drivers/STM32F4xx_HAL_Driver/Src/stm32f4xx_hal_spi.o
 .debug_aranges
                0x0000000000000d98      0x3d0 Drivers/STM32F4xx_HAL_Driver/Src/stm32f4xx_hal_tim.o
 .debug_aranges
                0x0000000000001168      0x168 Drivers/STM32F4xx_HAL_Driver/Src/stm32f4xx_hal_tim_ex.o
 .debug_aranges
                0x00000000000012d0      0x1d0 Drivers/STM32F4xx_HAL_Driver/Src/stm32f4xx_hal_uart.o

.debug_ranges   0x0000000000000000     0x1318
 .debug_ranges  0x0000000000000000      0x158 Core/Src/graphic.o
 .debug_ranges  0x0000000000000158       0x60 Core/Src/lcd.o
 .debug_ranges  0x00000000000001b8       0x20 Core/Src/ltdc.o
 .debug_ranges  0x00000000000001d8       0x88 Core/Src/main.o
 .debug_ranges  0x0000000000000260       0x38 Core/Src/mylibrary.o
 .debug_ranges  0x0000000000000298       0x40 Core/Src/screens.o
 .debug_ranges  0x00000000000002d8       0x20 Core/Src/spi.o
 .debug_ranges  0x00000000000002f8       0x10 Core/Src/stm32f4xx_hal_msp.o
 .debug_ranges  0x0000000000000308       0x68 Core/Src/stm32f4xx_it.o
 .debug_ranges  0x0000000000000370       0x18 Core/Src/system_stm32f4xx.o
 .debug_ranges  0x0000000000000388       0x20 Core/Startup/startup_stm32f429zitx.o
 .debug_ranges  0x00000000000003a8       0xf0 Drivers/STM32F4xx_HAL_Driver/Src/stm32f4xx_hal.o
 .debug_ranges  0x0000000000000498      0x108 Drivers/STM32F4xx_HAL_Driver/Src/stm32f4xx_hal_cortex.o
 .debug_ranges  0x00000000000005a0       0x80 Drivers/STM32F4xx_HAL_Driver/Src/stm32f4xx_hal_dma.o
 .debug_ranges  0x0000000000000620       0x48 Drivers/STM32F4xx_HAL_Driver/Src/stm32f4xx_hal_gpio.o
 .debug_ranges  0x0000000000000668      0x148 Drivers/STM32F4xx_HAL_Driver/Src/stm32f4xx_hal_ltdc.o
 .debug_ranges  0x00000000000007b0       0x50 Drivers/STM32F4xx_HAL_Driver/Src/stm32f4xx_hal_pwr_ex.o
 .debug_ranges  0x0000000000000800       0x78 Drivers/STM32F4xx_HAL_Driver/Src/stm32f4xx_hal_rcc.o
 .debug_ranges  0x0000000000000878       0x48 Drivers/STM32F4xx_HAL_Driver/Src/stm32f4xx_hal_rcc_ex.o
 .debug_ranges  0x00000000000008c0       0xa8 Drivers/STM32F4xx_HAL_Driver/Src/stm32f4xx_hal_rtc.o
 .debug_ranges  0x0000000000000968      0x120 Drivers/STM32F4xx_HAL_Driver/Src/stm32f4xx_hal_rtc_ex.o
 .debug_ranges  0x0000000000000a88      0x1b8 Drivers/STM32F4xx_HAL_Driver/Src/stm32f4xx_hal_spi.o
 .debug_ranges  0x0000000000000c40      0x3c0 Drivers/STM32F4xx_HAL_Driver/Src/stm32f4xx_hal_tim.o
 .debug_ranges  0x0000000000001000      0x158 Drivers/STM32F4xx_HAL_Driver/Src/stm32f4xx_hal_tim_ex.o
 .debug_ranges  0x0000000000001158      0x1c0 Drivers/STM32F4xx_HAL_Driver/Src/stm32f4xx_hal_uart.o

.debug_macro    0x0000000000000000     0x46cd
 .debug_macro   0x0000000000000000      0x223 Core/Src/graphic.o
 .debug_macro   0x0000000000000223       0x2e Core/Src/graphic.o
 .debug_macro   0x0000000000000251      0x3d4 Core/Src/lcd.o
 .debug_macro   0x0000000000000625      0x1fc Core/Src/lcd.o
 .debug_macro   0x0000000000000821       0x46 Core/Src/lcd.o
 .debug_macro   0x0000000000000867       0x18 Core/Src/lcd.o
 .debug_macro   0x000000000000087f       0x3c Core/Src/lcd.o
 .debug_macro   0x00000000000008bb       0x34 Core/Src/lcd.o
 .debug_macro   0x00000000000008ef       0x16 Core/Src/lcd.o
 .debug_macro   0x0000000000000905       0x35 Core/Src/lcd.o
 .debug_macro   0x000000000000093a      0x32a Core/Src/lcd.o
 .debug_macro   0x0000000000000c64       0x10 Core/Src/lcd.o
 .debug_macro   0x0000000000000c74       0x52 Core/Src/lcd.o
 .debug_macro   0x0000000000000cc6       0x1f Core/Src/lcd.o
 .debug_macro   0x0000000000000ce5       0x43 Core/Src/lcd.o
 .debug_macro   0x0000000000000d28       0x20 Core/Src/lcd.o
 .debug_macro   0x0000000000000d48      0x1a3 Core/Src/lcd.o
 .debug_macro   0x0000000000000eeb       0x10 Core/Src/lcd.o
 .debug_macro   0x0000000000000efb       0x1c Core/Src/lcd.o
 .debug_macro   0x0000000000000f17       0x52 Core/Src/lcd.o
 .debug_macro   0x0000000000000f69       0x40 Core/Src/lcd.o
 .debug_macro   0x0000000000000fa9       0x10 Core/Src/lcd.o
 .debug_macro   0x0000000000000fb9       0x40 Core/Src/lcd.o
 .debug_macro   0x0000000000000ff9       0xd7 Core/Src/lcd.o
 .debug_macro   0x00000000000010d0       0x1c Core/Src/lcd.o
 .debug_macro   0x00000000000010ec       0x3d Core/Src/lcd.o
 .debug_macro   0x0000000000001129       0x16 Core/Src/lcd.o
 .debug_macro   0x000000000000113f      0x145 Core/Src/lcd.o
 .debug_macro   0x0000000000001284       0x16 Core/Src/lcd.o
 .debug_macro   0x000000000000129a       0x20 Core/Src/lcd.o
 .debug_macro   0x00000000000012ba      0x224 Core/Src/ltdc.o
 .debug_macro   0x00000000000014de      0x413 Core/Src/main.o
 .debug_macro   0x00000000000018f1       0x10 Core/Src/main.o
 .debug_macro   0x0000000000001901       0x1c Core/Src/main.o
 .debug_macro   0x000000000000191d       0x16 Core/Src/main.o
 .debug_macro   0x0000000000001933       0x16 Core/Src/main.o
 .debug_macro   0x0000000000001949       0x29 Core/Src/main.o
 .debug_macro   0x0000000000001972      0x3de Core/Src/mylibrary.o
 .debug_macro   0x0000000000001d50      0x2ee Core/Src/screens.o
 .debug_macro   0x000000000000203e      0x224 Core/Src/spi.o
 .debug_macro   0x0000000000002262      0x21a Core/Src/stm32f4xx_hal_msp.o
 .debug_macro   0x000000000000247c      0x2f3 Core/Src/stm32f4xx_it.o
 .debug_macro   0x000000000000276f      0x211 Core/Src/system_stm32f4xx.o
 .debug_macro   0x0000000000002980      0x26b Drivers/STM32F4xx_HAL_Driver/Src/stm32f4xx_hal.o
 .debug_macro   0x0000000000002beb      0x20b Drivers/STM32F4xx_HAL_Driver/Src/stm32f4xx_hal_cortex.o
 .debug_macro   0x0000000000002df6      0x211 Drivers/STM32F4xx_HAL_Driver/Src/stm32f4xx_hal_dma.o
 .debug_macro   0x0000000000003007      0x211 Drivers/STM32F4xx_HAL_Driver/Src/stm32f4xx_hal_gpio.o
 .debug_macro   0x0000000000003218      0x20b Drivers/STM32F4xx_HAL_Driver/Src/stm32f4xx_hal_ltdc.o
 .debug_macro   0x0000000000003423      0x223 Drivers/STM32F4xx_HAL_Driver/Src/stm32f4xx_hal_pwr_ex.o
 .debug_macro   0x0000000000003646      0x22f Drivers/STM32F4xx_HAL_Driver/Src/stm32f4xx_hal_rcc.o
 .debug_macro   0x0000000000003875      0x20b Drivers/STM32F4xx_HAL_Driver/Src/stm32f4xx_hal_rcc_ex.o
 .debug_macro   0x0000000000003a80      0x20c Drivers/STM32F4xx_HAL_Driver/Src/stm32f4xx_hal_rtc.o
 .debug_macro   0x0000000000003c8c      0x20b Drivers/STM32F4xx_HAL_Driver/Src/stm32f4xx_hal_rtc_ex.o
 .debug_macro   0x0000000000003e97      0x213 Drivers/STM32F4xx_HAL_Driver/Src/stm32f4xx_hal_spi.o
 .debug_macro   0x00000000000040aa      0x20c Drivers/STM32F4xx_HAL_Driver/Src/stm32f4xx_hal_tim.o
 .debug_macro   0x00000000000042b6      0x20b Drivers/STM32F4xx_HAL_Driver/Src/stm32f4xx_hal_tim_ex.o
 .debug_macro   0x00000000000044c1      0x20c Drivers/STM32F4xx_HAL_Driver/Src/stm32f4xx_hal_uart.o

.debug_line     0x0000000000000000    0x129cd
 .debug_line    0x0000000000000000     0x14e3 Core/Src/graphic.o
 .debug_line    0x00000000000014e3      0xb09 Core/Src/lcd.o
 .debug_line    0x0000000000001fec      0x7bc Core/Src/ltdc.o
 .debug_line    0x00000000000027a8      0xb6a Core/Src/main.o
 .debug_line    0x0000000000003312      0xa8a Core/Src/mylibrary.o
 .debug_line    0x0000000000003d9c      0xa35 Core/Src/screens.o
 .debug_line    0x00000000000047d1      0x771 Core/Src/spi.o
 .debug_line    0x0000000000004f42      0x73d Core/Src/stm32f4xx_hal_msp.o
 .debug_line    0x000000000000567f      0x987 Core/Src/stm32f4xx_it.o
 .debug_line    0x0000000000006006      0x757 Core/Src/system_stm32f4xx.o
 .debug_line    0x000000000000675d       0x88 Core/Startup/startup_stm32f429zitx.o
 .debug_line    0x00000000000067e5      0x965 Drivers/STM32F4xx_HAL_Driver/Src/stm32f4xx_hal.o
 .debug_line    0x000000000000714a      0xa65 Drivers/STM32F4xx_HAL_Driver/Src/stm32f4xx_hal_cortex.o
 .debug_line    0x0000000000007baf      0xa0f Drivers/STM32F4xx_HAL_Driver/Src/stm32f4xx_hal_dma.o
 .debug_line    0x00000000000085be      0x938 Drivers/STM32F4xx_HAL_Driver/Src/stm32f4xx_hal_gpio.o
 .debug_line    0x0000000000008ef6     0x101e Drivers/STM32F4xx_HAL_Driver/Src/stm32f4xx_hal_ltdc.o
 .debug_line    0x0000000000009f14      0x833 Drivers/STM32F4xx_HAL_Driver/Src/stm32f4xx_hal_pwr_ex.o
 .debug_line    0x000000000000a747      0x99d Drivers/STM32F4xx_HAL_Driver/Src/stm32f4xx_hal_rcc.o
 .debug_line    0x000000000000b0e4      0x8e0 Drivers/STM32F4xx_HAL_Driver/Src/stm32f4xx_hal_rcc_ex.o
 .debug_line    0x000000000000b9c4      0xad1 Drivers/STM32F4xx_HAL_Driver/Src/stm32f4xx_hal_rtc.o
 .debug_line    0x000000000000c495      0xe0e Drivers/STM32F4xx_HAL_Driver/Src/stm32f4xx_hal_rtc_ex.o
 .debug_line    0x000000000000d2a3     0x10ac Drivers/STM32F4xx_HAL_Driver/Src/stm32f4xx_hal_spi.o
 .debug_line    0x000000000000e34f     0x2340 Drivers/STM32F4xx_HAL_Driver/Src/stm32f4xx_hal_tim.o
 .debug_line    0x000000000001068f     0x12ef Drivers/STM32F4xx_HAL_Driver/Src/stm32f4xx_hal_tim_ex.o
 .debug_line    0x000000000001197e     0x104f Drivers/STM32F4xx_HAL_Driver/Src/stm32f4xx_hal_uart.o

.debug_str      0x0000000000000000    0xe4946
 .debug_str     0x0000000000000000    0xda9b0 Core/Src/graphic.o
                                      0xdac3a (size before relaxing)
 .debug_str     0x00000000000da9b0     0x4f24 Core/Src/lcd.o
                                      0xdfa06 (size before relaxing)
 .debug_str     0x00000000000df8d4       0x8f Core/Src/ltdc.o
                                      0xdae0b (size before relaxing)
 .debug_str     0x00000000000df963     0x1062 Core/Src/main.o
                                      0xe04ae (size before relaxing)
 .debug_str     0x00000000000e09c5       0xa4 Core/Src/mylibrary.o
                                      0xdf097 (size before relaxing)
 .debug_str     0x00000000000e0a69       0x7c Core/Src/screens.o
                                      0xdd9c6 (size before relaxing)
 .debug_str     0x00000000000e0ae5       0x4b Core/Src/spi.o
                                      0xdaf6f (size before relaxing)
 .debug_str     0x00000000000e0b30       0x2c Core/Src/stm32f4xx_hal_msp.o
                                      0xdaa8b (size before relaxing)
 .debug_str     0x00000000000e0b5c       0xf8 Core/Src/stm32f4xx_it.o
                                      0xde2da (size before relaxing)
 .debug_str     0x00000000000e0c54       0xc4 Core/Src/system_stm32f4xx.o
                                      0xd9b27 (size before relaxing)
 .debug_str     0x00000000000e0d18       0x36 Core/Startup/startup_stm32f429zitx.o
                                         0x61 (size before relaxing)
 .debug_str     0x00000000000e0d4e      0x5c8 Drivers/STM32F4xx_HAL_Driver/Src/stm32f4xx_hal.o
                                      0xda693 (size before relaxing)
 .debug_str     0x00000000000e1316      0x399 Drivers/STM32F4xx_HAL_Driver/Src/stm32f4xx_hal_cortex.o
                                      0xda434 (size before relaxing)
 .debug_str     0x00000000000e16af      0x31d Drivers/STM32F4xx_HAL_Driver/Src/stm32f4xx_hal_dma.o
                                      0xd9f29 (size before relaxing)
 .debug_str     0x00000000000e19cc      0x15f Drivers/STM32F4xx_HAL_Driver/Src/stm32f4xx_hal_gpio.o
                                      0xd9cb9 (size before relaxing)
 .debug_str     0x00000000000e1b2b      0x4a3 Drivers/STM32F4xx_HAL_Driver/Src/stm32f4xx_hal_ltdc.o
                                      0xda16d (size before relaxing)
 .debug_str     0x00000000000e1fce      0x135 Drivers/STM32F4xx_HAL_Driver/Src/stm32f4xx_hal_pwr_ex.o
                                      0xd9d0a (size before relaxing)
 .debug_str     0x00000000000e2103      0x259 Drivers/STM32F4xx_HAL_Driver/Src/stm32f4xx_hal_rcc.o
                                      0xd9f14 (size before relaxing)
 .debug_str     0x00000000000e235c      0x145 Drivers/STM32F4xx_HAL_Driver/Src/stm32f4xx_hal_rcc_ex.o
                                      0xd9d05 (size before relaxing)
 .debug_str     0x00000000000e24a1      0x1ce Drivers/STM32F4xx_HAL_Driver/Src/stm32f4xx_hal_rtc.o
                                      0xd9ec1 (size before relaxing)
 .debug_str     0x00000000000e266f      0x56f Drivers/STM32F4xx_HAL_Driver/Src/stm32f4xx_hal_rtc_ex.o
                                      0xda207 (size before relaxing)
 .debug_str     0x00000000000e2bde      0x4f3 Drivers/STM32F4xx_HAL_Driver/Src/stm32f4xx_hal_spi.o
                                      0xda2fd (size before relaxing)
 .debug_str     0x00000000000e30d1      0xe5f Drivers/STM32F4xx_HAL_Driver/Src/stm32f4xx_hal_tim.o
                                      0xdae27 (size before relaxing)
 .debug_str     0x00000000000e3f30      0x4ee Drivers/STM32F4xx_HAL_Driver/Src/stm32f4xx_hal_tim_ex.o
                                      0xda5d8 (size before relaxing)
 .debug_str     0x00000000000e441e      0x528 Drivers/STM32F4xx_HAL_Driver/Src/stm32f4xx_hal_uart.o
                                      0xda360 (size before relaxing)

.comment        0x0000000000000000       0x7b
 .comment       0x0000000000000000       0x7b Core/Src/graphic.o
                                         0x7c (size before relaxing)
 .comment       0x000000000000007b       0x7c Core/Src/lcd.o
 .comment       0x000000000000007b       0x7c Core/Src/ltdc.o
 .comment       0x000000000000007b       0x7c Core/Src/main.o
 .comment       0x000000000000007b       0x7c Core/Src/mylibrary.o
 .comment       0x000000000000007b       0x7c Core/Src/screens.o
 .comment       0x000000000000007b       0x7c Core/Src/spi.o
 .comment       0x000000000000007b       0x7c Core/Src/stm32f4xx_hal_msp.o
 .comment       0x000000000000007b       0x7c Core/Src/stm32f4xx_it.o
 .comment       0x000000000000007b       0x7c Core/Src/system_stm32f4xx.o
 .comment       0x000000000000007b       0x7c Drivers/STM32F4xx_HAL_Driver/Src/stm32f4xx_hal.o
 .comment       0x000000000000007b       0x7c Drivers/STM32F4xx_HAL_Driver/Src/stm32f4xx_hal_cortex.o
 .comment       0x000000000000007b       0x7c Drivers/STM32F4xx_HAL_Driver/Src/stm32f4xx_hal_dma.o
 .comment       0x000000000000007b       0x7c Drivers/STM32F4xx_HAL_Driver/Src/stm32f4xx_hal_gpio.o
 .comment       0x000000000000007b       0x7c Drivers/STM32F4xx_HAL_Driver/Src/stm32f4xx_hal_ltdc.o
 .comment       0x000000000000007b       0x7c Drivers/STM32F4xx_HAL_Driver/Src/stm32f4xx_hal_pwr_ex.o
 .comment       0x000000000000007b       0x7c Drivers/STM32F4xx_HAL_Driver/Src/stm32f4xx_hal_rcc.o
 .comment       0x000000000000007b       0x7c Drivers/STM32F4xx_HAL_Driver/Src/stm32f4xx_hal_rcc_ex.o
 .comment       0x000000000000007b       0x7c Drivers/STM32F4xx_HAL_Driver/Src/stm32f4xx_hal_rtc.o
 .comment       0x000000000000007b       0x7c Drivers/STM32F4xx_HAL_Driver/Src/stm32f4xx_hal_rtc_ex.o
 .comment       0x000000000000007b       0x7c Drivers/STM32F4xx_HAL_Driver/Src/stm32f4xx_hal_spi.o
 .comment       0x000000000000007b       0x7c Drivers/STM32F4xx_HAL_Driver/Src/stm32f4xx_hal_tim.o
 .comment       0x000000000000007b       0x7c Drivers/STM32F4xx_HAL_Driver/Src/stm32f4xx_hal_tim_ex.o
 .comment       0x000000000000007b       0x7c Drivers/STM32F4xx_HAL_Driver/Src/stm32f4xx_hal_uart.o

.debug_frame    0x0000000000000000     0x5650
 .debug_frame   0x0000000000000000      0x60c Core/Src/graphic.o
 .debug_frame   0x000000000000060c      0x188 Core/Src/lcd.o
 .debug_frame   0x0000000000000794       0x7c Core/Src/ltdc.o
 .debug_frame   0x0000000000000810      0x210 Core/Src/main.o
 .debug_frame   0x0000000000000a20       0xf0 Core/Src/mylibrary.o
 .debug_frame   0x0000000000000b10       0xe8 Core/Src/screens.o
 .debug_frame   0x0000000000000bf8       0x74 Core/Src/spi.o
 .debug_frame   0x0000000000000c6c       0x34 Core/Src/stm32f4xx_hal_msp.o
 .debug_frame   0x0000000000000ca0      0x158 Core/Src/stm32f4xx_it.o
 .debug_frame   0x0000000000000df8       0x58 Core/Src/system_stm32f4xx.o
 .debug_frame   0x0000000000000e50      0x3b4 Drivers/STM32F4xx_HAL_Driver/Src/stm32f4xx_hal.o
 .debug_frame   0x0000000000001204      0x498 Drivers/STM32F4xx_HAL_Driver/Src/stm32f4xx_hal_cortex.o
 .debug_frame   0x000000000000169c      0x250 Drivers/STM32F4xx_HAL_Driver/Src/stm32f4xx_hal_dma.o
 .debug_frame   0x00000000000018ec      0x14c Drivers/STM32F4xx_HAL_Driver/Src/stm32f4xx_hal_gpio.o
 .debug_frame   0x0000000000001a38      0x61c Drivers/STM32F4xx_HAL_Driver/Src/stm32f4xx_hal_ltdc.o
 .debug_frame   0x0000000000002054      0x14c Drivers/STM32F4xx_HAL_Driver/Src/stm32f4xx_hal_pwr_ex.o
 .debug_frame   0x00000000000021a0      0x1f0 Drivers/STM32F4xx_HAL_Driver/Src/stm32f4xx_hal_rcc.o
 .debug_frame   0x0000000000002390      0x13c Drivers/STM32F4xx_HAL_Driver/Src/stm32f4xx_hal_rcc_ex.o
 .debug_frame   0x00000000000024cc      0x308 Drivers/STM32F4xx_HAL_Driver/Src/stm32f4xx_hal_rtc.o
 .debug_frame   0x00000000000027d4      0x548 Drivers/STM32F4xx_HAL_Driver/Src/stm32f4xx_hal_rtc_ex.o
 .debug_frame   0x0000000000002d1c      0x7fc Drivers/STM32F4xx_HAL_Driver/Src/stm32f4xx_hal_spi.o
 .debug_frame   0x0000000000003518     0x11bc Drivers/STM32F4xx_HAL_Driver/Src/stm32f4xx_hal_tim.o
 .debug_frame   0x00000000000046d4      0x638 Drivers/STM32F4xx_HAL_Driver/Src/stm32f4xx_hal_tim_ex.o
 .debug_frame   0x0000000000004d0c      0x844 Drivers/STM32F4xx_HAL_Driver/Src/stm32f4xx_hal_uart.o
 .debug_frame   0x0000000000005550       0x2c c:/st/stm32cubeide_1.5.1/stm32cubeide/plugins/com.st.stm32cube.ide.mcu.externaltools.gnu-tools-for-stm32.7-2018-q2-update.win32_1.5.0.202011040924/tools/bin/../lib/gcc/arm-none-eabi/7.3.1/../../../../arm-none-eabi/lib/thumb/v7e-m/fpv4-sp/hard\libc_nano.a(lib_a-init.o)
 .debug_frame   0x000000000000557c       0x20 c:/st/stm32cubeide_1.5.1/stm32cubeide/plugins/com.st.stm32cube.ide.mcu.externaltools.gnu-tools-for-stm32.7-2018-q2-update.win32_1.5.0.202011040924/tools/bin/../lib/gcc/arm-none-eabi/7.3.1/../../../../arm-none-eabi/lib/thumb/v7e-m/fpv4-sp/hard\libc_nano.a(lib_a-memset.o)
 .debug_frame   0x000000000000559c       0x28 c:/st/stm32cubeide_1.5.1/stm32cubeide/plugins/com.st.stm32cube.ide.mcu.externaltools.gnu-tools-for-stm32.7-2018-q2-update.win32_1.5.0.202011040924/tools/bin/../lib/gcc/arm-none-eabi/7.3.1/../../../../arm-none-eabi/lib/thumb/v7e-m/fpv4-sp/hard\libc_nano.a(lib_a-strcat.o)
 .debug_frame   0x00000000000055c4       0x2c c:/st/stm32cubeide_1.5.1/stm32cubeide/plugins/com.st.stm32cube.ide.mcu.externaltools.gnu-tools-for-stm32.7-2018-q2-update.win32_1.5.0.202011040924/tools/bin/../lib/gcc/arm-none-eabi/7.3.1/../../../../arm-none-eabi/lib/thumb/v7e-m/fpv4-sp/hard\libc_nano.a(lib_a-strncpy.o)
 .debug_frame   0x00000000000055f0       0x2c c:/st/stm32cubeide_1.5.1/stm32cubeide/plugins/com.st.stm32cube.ide.mcu.externaltools.gnu-tools-for-stm32.7-2018-q2-update.win32_1.5.0.202011040924/tools/bin/../lib/gcc/arm-none-eabi/7.3.1/thumb/v7e-m/fpv4-sp/hard\libgcc.a(_aeabi_uldivmod.o)
 .debug_frame   0x000000000000561c       0x34 c:/st/stm32cubeide_1.5.1/stm32cubeide/plugins/com.st.stm32cube.ide.mcu.externaltools.gnu-tools-for-stm32.7-2018-q2-update.win32_1.5.0.202011040924/tools/bin/../lib/gcc/arm-none-eabi/7.3.1/thumb/v7e-m/fpv4-sp/hard\libgcc.a(_udivmoddi4.o)
