graphic.c:14:6:LCD_SetDrawAddr	24	static
graphic.c:31:6:LCD_SetColor	16	static
graphic.c:35:6:LCD_SetColorLtdc	16	static
graphic.c:39:6:LCD_DrawRect_Spi	40	static
graphic.c:49:6:LCD_DrawRect_Ltdc	32	static
graphic.c:57:6:LCD_DrawH	40	static
graphic.c:72:6:LCD_DrawABig	40	static
graphic.c:85:6:LCD_DrawBBig	40	static
graphic.c:98:6:LCD_DrawCBig	40	static
graphic.c:111:6:LCD_DrawDBig	40	static
graphic.c:124:6:LCD_DrawEBig	40	static
graphic.c:137:6:LCD_DrawFBig	40	static
graphic.c:150:6:LCD_DrawGBig	40	static
graphic.c:163:6:LCD_DrawHBig	40	static
graphic.c:176:6:LCD_DrawIBig	40	static
graphic.c:189:6:LCD_DrawJBig	40	static
graphic.c:202:6:LCD_DrawKBig	40	static
graphic.c:215:6:LCD_DrawLBig	40	static
graphic.c:228:6:LCD_DrawMBig	40	static
graphic.c:241:6:LCD_DrawNBig	40	static
graphic.c:254:6:LCD_DrawOBig	40	static
graphic.c:267:6:LCD_DrawPBig	40	static
graphic.c:280:6:LCD_DrawQBig	40	static
graphic.c:293:6:LCD_DrawRBig	40	static
graphic.c:306:6:LCD_DrawSBig	40	static
graphic.c:319:6:LCD_DrawTBig	40	static
graphic.c:332:6:LCD_DrawUBig	40	static
graphic.c:345:6:LCD_DrawVBig	40	static
graphic.c:358:6:LCD_DrawWBig	40	static
graphic.c:371:6:LCD_DrawXBig	40	static
graphic.c:384:6:LCD_DrawYBig	40	static
graphic.c:397:6:LCD_DrawZBig	40	static
graphic.c:410:6:LCD_Draw0Big	40	static
graphic.c:423:6:LCD_Draw1Big	40	static
graphic.c:436:6:LCD_Draw2Big	40	static
graphic.c:449:6:LCD_Draw3Big	40	static
graphic.c:462:6:LCD_Draw4Big	40	static
graphic.c:475:6:LCD_Draw5Big	40	static
graphic.c:488:6:LCD_Draw6Big	40	static
graphic.c:501:6:LCD_Draw7Big	40	static
graphic.c:514:6:LCD_Draw8Big	40	static
graphic.c:527:6:LCD_Draw9Big	40	static
