main.c:36:5:main	8	static
main.c:68:6:SystemClock_Config	136	static
main.c:121:13:MX_RTC_Init	8	static
main.c:159:13:MX_TIM6_Init	16	static
main.c:191:13:MX_USART1_UART_Init	8	static
main.c:218:13:MX_GPIO_Init	48	static
main.c:239:6:Error_Handler	4	static
main.c:253:6:initializeGPIONVIC	32	static
main.c:304:6:EXTI0_IRQHandler	8	static
main.c:326:6:EXTI1_IRQHandler	8	static
main.c:332:6:EXTI2_IRQHandler	8	static
main.c:338:6:EXTI3_IRQHandler	8	static
main.c:344:6:EXTI4_IRQHandler	8	static
main.c:349:6:get_time	40	static
main.c:363:6:set_alarm	64	static
main.c:429:6:set_time	40	static
