stm32f4xx_it.c:74:6:USART1_IRQHandler	8	static
stm32f4xx_it.c:96:6:RTC_Alarm_IRQHandler	8	static
stm32f4xx_it.c:109:6:TIM6_DAC_IRQHandler	8	static
stm32f4xx_it.c:135:6:NMI_Handler	4	static
stm32f4xx_it.c:150:6:HardFault_Handler	4	static
stm32f4xx_it.c:165:6:MemManage_Handler	4	static
stm32f4xx_it.c:180:6:BusFault_Handler	4	static
stm32f4xx_it.c:195:6:UsageFault_Handler	4	static
stm32f4xx_it.c:210:6:SVC_Handler	4	static
stm32f4xx_it.c:223:6:DebugMon_Handler	4	static
stm32f4xx_it.c:236:6:PendSV_Handler	4	static
stm32f4xx_it.c:249:6:SysTick_Handler	8	static
